###############################################################################
#
# IAR ELF Linker V7.70.1.11437/W32 for ARM                22/Jul/2021  14:39:46
# Copyright 2007-2016 IAR Systems AB.
#
#    Output file  =  
#        F:\gitFiles\branch\cch.a-control\soft\cch.a\prj_ac\Release\Exe\cch.out
#    Map file     =  
#        F:\gitFiles\branch\cch.a-control\soft\cch.a\prj_ac\Release\List\cch.map
#    Command line =  
#        F:\gitFiles\branch\cch.a-control\soft\cch.a\prj_ac\Release\Obj\app_general.o
#        F:\gitFiles\branch\cch.a-control\soft\cch.a\prj_ac\Release\Obj\app_led.o
#        F:\gitFiles\branch\cch.a-control\soft\cch.a\prj_ac\Release\Obj\app_link_log.o
#        F:\gitFiles\branch\cch.a-control\soft\cch.a\prj_ac\Release\Obj\app_link_request.o
#        F:\gitFiles\branch\cch.a-control\soft\cch.a\prj_ac\Release\Obj\app_link_scheduler.o
#        F:\gitFiles\branch\cch.a-control\soft\cch.a\prj_ac\Release\Obj\app_link_synchronize.o
#        F:\gitFiles\branch\cch.a-control\soft\cch.a\prj_ac\Release\Obj\app_logic_relay.o
#        F:\gitFiles\branch\cch.a-control\soft\cch.a\prj_ac\Release\Obj\app_modbus_onewire.o
#        F:\gitFiles\branch\cch.a-control\soft\cch.a\prj_ac\Release\Obj\app_modbus_register.o
#        F:\gitFiles\branch\cch.a-control\soft\cch.a\prj_ac\Release\Obj\app_modbus_remote.o
#        F:\gitFiles\branch\cch.a-control\soft\cch.a\prj_ac\Release\Obj\app_pwm_control.o
#        F:\gitFiles\branch\cch.a-control\soft\cch.a\prj_ac\Release\Obj\app_real_time_clock.o
#        F:\gitFiles\branch\cch.a-control\soft\cch.a\prj_ac\Release\Obj\app_storage.o
#        F:\gitFiles\branch\cch.a-control\soft\cch.a\prj_ac\Release\Obj\app_tempertaure.o
#        F:\gitFiles\branch\cch.a-control\soft\cch.a\prj_ac\Release\Obj\bsp_bough_link.o
#        F:\gitFiles\branch\cch.a-control\soft\cch.a\prj_ac\Release\Obj\bsp_flashMemory.o
#        F:\gitFiles\branch\cch.a-control\soft\cch.a\prj_ac\Release\Obj\bsp_i2c.o
#        F:\gitFiles\branch\cch.a-control\soft\cch.a\prj_ac\Release\Obj\bsp_led.o
#        F:\gitFiles\branch\cch.a-control\soft\cch.a\prj_ac\Release\Obj\bsp_mRtuSlave.o
#        F:\gitFiles\branch\cch.a-control\soft\cch.a\prj_ac\Release\Obj\bsp_ntcSensor.o
#        F:\gitFiles\branch\cch.a-control\soft\cch.a\prj_ac\Release\Obj\bsp_PID.o
#        F:\gitFiles\branch\cch.a-control\soft\cch.a\prj_ac\Release\Obj\bsp_pwm.o
#        F:\gitFiles\branch\cch.a-control\soft\cch.a\prj_ac\Release\Obj\bsp_relay.o
#        F:\gitFiles\branch\cch.a-control\soft\cch.a\prj_ac\Release\Obj\bsp_sd3078.o
#        F:\gitFiles\branch\cch.a-control\soft\cch.a\prj_ac\Release\Obj\bsp_sysTick.o
#        F:\gitFiles\branch\cch.a-control\soft\cch.a\prj_ac\Release\Obj\bsp_w25q64.o
#        F:\gitFiles\branch\cch.a-control\soft\cch.a\prj_ac\Release\Obj\bsp_watchDog.o
#        F:\gitFiles\branch\cch.a-control\soft\cch.a\prj_ac\Release\Obj\gd32f4xx_adc.o
#        F:\gitFiles\branch\cch.a-control\soft\cch.a\prj_ac\Release\Obj\gd32f4xx_dac.o
#        F:\gitFiles\branch\cch.a-control\soft\cch.a\prj_ac\Release\Obj\gd32f4xx_exti.o
#        F:\gitFiles\branch\cch.a-control\soft\cch.a\prj_ac\Release\Obj\gd32f4xx_fwdgt.o
#        F:\gitFiles\branch\cch.a-control\soft\cch.a\prj_ac\Release\Obj\gd32f4xx_gpio.o
#        F:\gitFiles\branch\cch.a-control\soft\cch.a\prj_ac\Release\Obj\gd32f4xx_misc.o
#        F:\gitFiles\branch\cch.a-control\soft\cch.a\prj_ac\Release\Obj\gd32f4xx_rcu.o
#        F:\gitFiles\branch\cch.a-control\soft\cch.a\prj_ac\Release\Obj\gd32f4xx_spi.o
#        F:\gitFiles\branch\cch.a-control\soft\cch.a\prj_ac\Release\Obj\gd32f4xx_syscfg.o
#        F:\gitFiles\branch\cch.a-control\soft\cch.a\prj_ac\Release\Obj\gd32f4xx_timer.o
#        F:\gitFiles\branch\cch.a-control\soft\cch.a\prj_ac\Release\Obj\gd32f4xx_usart.o
#        F:\gitFiles\branch\cch.a-control\soft\cch.a\prj_ac\Release\Obj\main.o
#        F:\gitFiles\branch\cch.a-control\soft\cch.a\prj_ac\Release\Obj\mde_bough_link_half.o
#        F:\gitFiles\branch\cch.a-control\soft\cch.a\prj_ac\Release\Obj\mde_led.o
#        F:\gitFiles\branch\cch.a-control\soft\cch.a\prj_ac\Release\Obj\mde_mixWater.o
#        F:\gitFiles\branch\cch.a-control\soft\cch.a\prj_ac\Release\Obj\mde_mRtuSlave.o
#        F:\gitFiles\branch\cch.a-control\soft\cch.a\prj_ac\Release\Obj\mde_ntcSensor.o
#        F:\gitFiles\branch\cch.a-control\soft\cch.a\prj_ac\Release\Obj\mde_pwm.o
#        F:\gitFiles\branch\cch.a-control\soft\cch.a\prj_ac\Release\Obj\mde_relay.o
#        F:\gitFiles\branch\cch.a-control\soft\cch.a\prj_ac\Release\Obj\mde_sd3078.o
#        F:\gitFiles\branch\cch.a-control\soft\cch.a\prj_ac\Release\Obj\mde_storage32bits.o
#        F:\gitFiles\branch\cch.a-control\soft\cch.a\prj_ac\Release\Obj\mde_w25q64.o
#        F:\gitFiles\branch\cch.a-control\soft\cch.a\prj_ac\Release\Obj\mde_watchDog.o
#        F:\gitFiles\branch\cch.a-control\soft\cch.a\prj_ac\Release\Obj\pbc_crc16.o
#        F:\gitFiles\branch\cch.a-control\soft\cch.a\prj_ac\Release\Obj\pbc_dataConvert.o
#        F:\gitFiles\branch\cch.a-control\soft\cch.a\prj_ac\Release\Obj\pbc_sysTick.o
#        F:\gitFiles\branch\cch.a-control\soft\cch.a\prj_ac\Release\Obj\pbc_timeStamp.o
#        F:\gitFiles\branch\cch.a-control\soft\cch.a\prj_ac\Release\Obj\startup_gd32f407.o
#        F:\gitFiles\branch\cch.a-control\soft\cch.a\prj_ac\Release\Obj\system_gd32f4xx.o
#        -o
#        F:\gitFiles\branch\cch.a-control\soft\cch.a\prj_ac\Release\Exe\cch.out
#        --map
#        F:\gitFiles\branch\cch.a-control\soft\cch.a\prj_ac\Release\List\cch.map
#        --config "H:\Program Files (x86)\IAR Systems\Embedded Workbench
#        7.5\arm\CONFIG\generic_cortex.icf" --entry __iar_program_start
#        --inline --vfe
#
###############################################################################

*******************************************************************************
*** RUNTIME MODEL ATTRIBUTES
***

CppFlavor       = *
__SystemLibrary = DLib


*******************************************************************************
*** PLACEMENT SUMMARY
***

"A0":  place at 0x00000000 { ro section .intvec };
"P1":  place in [from 0x00000000 to 0x0007ffff] { ro };
"P3":  place in [from 0x00000000 to 0x00000000] |
                [from 0x20000000 to 0x2000ffff] {
          rw, block CSTACK, block PROC_STACK, block HEAP };
initialize by copy { rw };

  Section             Kind        Address     Size  Object
  -------             ----        -------     ----  ------
"A0":                                        0x188
  .intvec             ro code  0x00000000    0x188  startup_gd32f407.o [1]
                             - 0x00000188    0x188

"P1":                                      0x16e33
  .text               ro code  0x00000188   0x957c  app_modbus_register.o [1]
  .text               ro code  0x00009704   0x2d1c  app_general.o [1]
  .text               ro code  0x0000c420    0x168  app_real_time_clock.o [1]
  .text               ro code  0x0000c588     0x34  pbc_dataConvert.o [1]
  .text               ro code  0x0000c5bc    0x114  app_tempertaure.o [1]
  .text               ro code  0x0000c6d0     0xe0  rand.o [3]
  .text               ro code  0x0000c7b0    0x234  pbc_sysTick.o [1]
  .text               ro code  0x0000c9e4   0x34c0  app_link_synchronize.o [1]
  .text               ro code  0x0000fea4    0x184  app_storage.o [1]
  .text               ro code  0x00010028   0x1b84  app_link_log.o [1]
  .text               ro code  0x00011bac    0x29c  app_modbus_remote.o [1]
  .text               ro code  0x00011e48    0x4b4  mde_ntcSensor.o [1]
  .text               ro code  0x000122fc     0xf4  pbc_timeStamp.o [1]
  .text               ro code  0x000123f0    0x1f8  mde_relay.o [1]
  .text               ro code  0x000125e8     0xf0  mde_mixWater.o [1]
  .text               ro code  0x000126d8      0x8  mde_watchDog.o [1]
  .text               ro code  0x000126e0     0x1a  app_pwm_control.o [1]
  .text               ro code  0x000126fa      0x4  app_logic_relay.o [1]
  .text               ro code  0x000126fe     0x52  app_link_scheduler.o [1]
  .text               ro code  0x00012750    0x150  app_modbus_onewire.o [1]
  .text               ro code  0x000128a0     0x14  app_led.o [1]
  .text               ro code  0x000128b4     0x80  mde_sd3078.o [1]
  .text               ro code  0x00012934     0x4c  bsp_sysTick.o [1]
  .text               ro code  0x00012980    0x584  mde_bough_link_half.o [1]
  .text               ro code  0x00012f04     0x56  ABImemcpy_unaligned.o [4]
  .text               ro code  0x00012f5c    0x140  app_link_request.o [1]
  .text               ro code  0x0001309c    0x2a8  mde_w25q64.o [1]
  .text               ro code  0x00013344    0x258  mde_storage32bits.o [1]
  .text               ro code  0x0001359c    0x520  mde_mRtuSlave.o [1]
  .text               ro code  0x00013abc    0x118  bsp_ntcSensor.o [1]
  .text               ro code  0x00013bd4    0x2f4  bsp_relay.o [1]
  .text               ro code  0x00013ec8     0x62  bsp_PID.o [1]
  .text               ro code  0x00013f2c     0x8c  mde_pwm.o [1]
  .text               ro code  0x00013fb8     0x3e  bsp_watchDog.o [1]
  .text               ro code  0x00013ff8    0x10c  mde_led.o [1]
  .text               ro code  0x00014104    0x288  bsp_sd3078.o [1]
  .text               ro code  0x0001438c    0x230  pbc_crc16.o [1]
  .text               ro code  0x000145bc    0x79e  bsp_bough_link.o [1]
  .text               ro code  0x00014d5c     0xbc  bsp_w25q64.o [1]
  .text               ro code  0x00014e18     0x5a  gd32f4xx_spi.o [1]
  .text               ro code  0x00014e74    0x8c8  bsp_mRtuSlave.o [1]
  .text               ro code  0x0001573c    0x2a4  gd32f4xx_rcu.o [1]
  .text               ro code  0x000159e0    0x26c  gd32f4xx_adc.o [1]
  .text               ro code  0x00015c4c    0x112  gd32f4xx_gpio.o [1]
  .text               ro code  0x00015d60    0x15c  bsp_pwm.o [1]
  .text               ro code  0x00015ebc     0x68  gd32f4xx_fwdgt.o [1]
  .text               ro code  0x00015f24     0x4a  bsp_led.o [1]
  .text               ro code  0x00015f70    0x254  bsp_i2c.o [1]
  .text               ro code  0x000161c4    0x1f0  gd32f4xx_usart.o [1]
  .text               ro code  0x000163b4    0x4f8  gd32f4xx_timer.o [1]
  .text               ro code  0x000168ac     0x84  gd32f4xx_exti.o [1]
  .text               ro code  0x00016930     0x9c  gd32f4xx_misc.o [1]
  .text               ro code  0x000169cc     0x6c  gd32f4xx_syscfg.o [1]
  .text               ro code  0x00016a38    0x104  system_gd32f4xx.o [1]
  .text               ro code  0x00016b3c     0xce  packbits_init.o [4]
  .text               ro code  0x00016c0a      0x6  abort.o [3]
  .text               ro code  0x00016c10      0xc  XXexit.o [4]
  .text               ro code  0x00016c1c     0x66  bsp_flashMemory.o [1]
  .text               ro code  0x00016c82     0x40  zero_init3.o [4]
  .text               ro code  0x00016cc4     0x28  data_init.o [4]
  .iar.init_table     const    0x00016cec     0x2c  - Linker created -
  .text               ro code  0x00016d18     0x20  main.o [1]
  .text               ro code  0x00016d38     0x1a  cmain.o [4]
  .text               ro code  0x00016d52      0x4  exit.o [3]
  .text               ro code  0x00016d58      0xa  cexit.o [4]
  .text               ro code  0x00016d64     0x10  startup_gd32f407.o [1]
  .text               ro code  0x00016d74      0xc  cstartup_M.o [4]
  .text               ro code  0x00016d80      0x4  startup_gd32f407.o [1]
  .text               ro code  0x00016d84      0x4  startup_gd32f407.o [1]
  .text               ro code  0x00016d88      0x4  startup_gd32f407.o [1]
  .text               ro code  0x00016d8c      0x4  startup_gd32f407.o [1]
  .text               ro code  0x00016d90      0x4  startup_gd32f407.o [1]
  .text               ro code  0x00016d94      0x4  startup_gd32f407.o [1]
  .text               ro code  0x00016d98      0x4  startup_gd32f407.o [1]
  .text               ro code  0x00016d9c      0x4  startup_gd32f407.o [1]
  .text               ro code  0x00016da0      0x4  startup_gd32f407.o [1]
  .text               ro code  0x00016da4      0x4  startup_gd32f407.o [1]
  .text               ro code  0x00016da8      0x4  startup_gd32f407.o [1]
  .text               ro code  0x00016dac      0x4  startup_gd32f407.o [1]
  .text               ro code  0x00016db0      0x4  startup_gd32f407.o [1]
  .text               ro code  0x00016db4      0x4  startup_gd32f407.o [1]
  .text               ro code  0x00016db8      0x4  startup_gd32f407.o [1]
  .text               ro code  0x00016dbc      0x4  startup_gd32f407.o [1]
  .text               ro code  0x00016dc0      0x4  startup_gd32f407.o [1]
  .text               ro code  0x00016dc4      0x4  startup_gd32f407.o [1]
  .text               ro code  0x00016dc8      0x4  startup_gd32f407.o [1]
  .text               ro code  0x00016dcc      0x4  startup_gd32f407.o [1]
  .text               ro code  0x00016dd0      0x4  startup_gd32f407.o [1]
  .text               ro code  0x00016dd4      0x4  startup_gd32f407.o [1]
  .text               ro code  0x00016dd8      0x4  startup_gd32f407.o [1]
  .text               ro code  0x00016ddc      0x4  startup_gd32f407.o [1]
  .text               ro code  0x00016de0      0x4  startup_gd32f407.o [1]
  .text               ro code  0x00016de4      0x4  startup_gd32f407.o [1]
  .text               ro code  0x00016de8      0x4  startup_gd32f407.o [1]
  .text               ro code  0x00016dec      0x4  startup_gd32f407.o [1]
  .text               ro code  0x00016df0      0x4  startup_gd32f407.o [1]
  .text               ro code  0x00016df4      0x4  startup_gd32f407.o [1]
  .text               ro code  0x00016df8      0x4  startup_gd32f407.o [1]
  .text               ro code  0x00016dfc      0x4  startup_gd32f407.o [1]
  .text               ro code  0x00016e00      0x4  startup_gd32f407.o [1]
  .text               ro code  0x00016e04      0x4  startup_gd32f407.o [1]
  .text               ro code  0x00016e08      0x4  startup_gd32f407.o [1]
  .text               ro code  0x00016e0c      0x4  startup_gd32f407.o [1]
  .text               ro code  0x00016e10      0x4  startup_gd32f407.o [1]
  .text               ro code  0x00016e14      0x4  startup_gd32f407.o [1]
  .text               ro code  0x00016e18      0x4  startup_gd32f407.o [1]
  .text               ro code  0x00016e1c      0x4  startup_gd32f407.o [1]
  .text               ro code  0x00016e20      0x4  startup_gd32f407.o [1]
  .text               ro code  0x00016e24      0x4  startup_gd32f407.o [1]
  .text               ro code  0x00016e28      0x4  startup_gd32f407.o [1]
  .text               ro code  0x00016e2c      0x4  startup_gd32f407.o [1]
  .text               ro code  0x00016e30      0x4  startup_gd32f407.o [1]
  .text               ro code  0x00016e34      0x4  startup_gd32f407.o [1]
  .text               ro code  0x00016e38      0x4  startup_gd32f407.o [1]
  .text               ro code  0x00016e3c      0x4  startup_gd32f407.o [1]
  .text               ro code  0x00016e40      0x4  startup_gd32f407.o [1]
  .text               ro code  0x00016e44      0x4  startup_gd32f407.o [1]
  .text               ro code  0x00016e48      0x4  startup_gd32f407.o [1]
  .text               ro code  0x00016e4c      0x4  startup_gd32f407.o [1]
  .text               ro code  0x00016e50      0x4  startup_gd32f407.o [1]
  .text               ro code  0x00016e54      0x4  startup_gd32f407.o [1]
  .text               ro code  0x00016e58      0x4  startup_gd32f407.o [1]
  .text               ro code  0x00016e5c      0x4  startup_gd32f407.o [1]
  .text               ro code  0x00016e60      0x4  startup_gd32f407.o [1]
  .text               ro code  0x00016e64      0x4  startup_gd32f407.o [1]
  .text               ro code  0x00016e68      0x4  startup_gd32f407.o [1]
  .text               ro code  0x00016e6c      0x4  startup_gd32f407.o [1]
  .text               ro code  0x00016e70      0x4  startup_gd32f407.o [1]
  .text               ro code  0x00016e74      0x4  startup_gd32f407.o [1]
  .text               ro code  0x00016e78      0x4  startup_gd32f407.o [1]
  .text               ro code  0x00016e7c      0x4  startup_gd32f407.o [1]
  .text               ro code  0x00016e80      0x4  startup_gd32f407.o [1]
  .text               ro code  0x00016e84      0x4  startup_gd32f407.o [1]
  .text               ro code  0x00016e88      0x4  startup_gd32f407.o [1]
  .text               ro code  0x00016e8c      0x4  startup_gd32f407.o [1]
  .text               ro code  0x00016e90      0x4  startup_gd32f407.o [1]
  .text               ro code  0x00016e94      0x4  startup_gd32f407.o [1]
  .text               ro code  0x00016e98      0x4  startup_gd32f407.o [1]
  .text               ro code  0x00016e9c      0x4  startup_gd32f407.o [1]
  .text               ro code  0x00016ea0      0x4  startup_gd32f407.o [1]
  .text               ro code  0x00016ea4      0x4  startup_gd32f407.o [1]
  .text               ro code  0x00016ea8      0x4  startup_gd32f407.o [1]
  .text               ro code  0x00016eac      0x4  startup_gd32f407.o [1]
  .text               ro code  0x00016eb0      0x4  startup_gd32f407.o [1]
  .text               ro code  0x00016eb4      0x4  startup_gd32f407.o [1]
  .text               ro code  0x00016eb8      0x4  startup_gd32f407.o [1]
  .text               ro code  0x00016ebc      0x4  startup_gd32f407.o [1]
  .rodata             const    0x00016ec0      0x0  zero_init3.o [4]
  .rodata             const    0x00016ec0      0x0  packbits_init.o [4]
  Initializer bytes   const    0x00016ec0     0xfb  <for P3 s0>
                             - 0x00016fbb  0x16e33

"P3", part 1 of 3:                           0xe14
  P3 s0                        0x20000000    0xe14  <Init block>
    .data             inited   0x20000000    0x81c  app_general.o [1]
    .data             inited   0x2000081c    0x400  app_storage.o [1]
    __DLIB_PERTHREAD  inited   0x20000c1c     0x8c  rand.o [3]
    .data             inited   0x20000ca8     0x50  app_link_synchronize.o [1]
    .data             inited   0x20000cf8     0x44  app_general.o [1]
    .data             inited   0x20000d3c     0x20  mde_led.o [1]
    .data             inited   0x20000d5c     0x1c  app_general.o [1]
    .data             inited   0x20000d78     0x1c  app_real_time_clock.o [1]
    .data             inited   0x20000d94     0x1c  mde_pwm.o [1]
    .data             inited   0x20000db0     0x1a  mde_mixWater.o [1]
    .data             inited   0x20000dcc     0x14  app_tempertaure.o [1]
    .data             inited   0x20000de0      0xc  app_general.o [1]
    .data             inited   0x20000dec      0xc  app_storage.o [1]
    .data             inited   0x20000df8      0xc  mde_relay.o [1]
    .data             inited   0x20000e04      0x8  app_link_log.o [1]
    .data             inited   0x20000e0c      0x4  mde_w25q64.o [1]
    .data             inited   0x20000e10      0x4  system_gd32f4xx.o [1]
                             - 0x20000e14    0xe14

"P3", part 2 of 3:                          0x1ab8
  .bss                zero     0x20000e14    0x6c0  mde_mRtuSlave.o [1]
  .bss                zero     0x200014d4    0x5c0  mde_bough_link_half.o [1]
  .bss                zero     0x20001a94    0x1d0  app_link_log.o [1]
  .bss                zero     0x20001c64    0x13c  app_general.o [1]
  .bss                zero     0x20001da0    0x100  bsp_bough_link.o [1]
  .bss                zero     0x20001ea0    0x100  bsp_bough_link.o [1]
  .bss                zero     0x20001fa0    0x100  bsp_bough_link.o [1]
  .bss                zero     0x200020a0    0x100  bsp_bough_link.o [1]
  .bss                zero     0x200021a0    0x100  bsp_mRtuSlave.o [1]
  .bss                zero     0x200022a0    0x100  bsp_mRtuSlave.o [1]
  .bss                zero     0x200023a0    0x100  bsp_mRtuSlave.o [1]
  .bss                zero     0x200024a0     0xf0  mde_relay.o [1]
  .bss                zero     0x20002590     0x67  app_link_synchronize.o [1]
  .bss                zero     0x200025f7      0x1  app_link_log.o [1]
  .bss                zero     0x200025f8     0x65  app_link_synchronize.o [1]
  .bss                zero     0x2000265d      0x6  bsp_bough_link.o [1]
  .bss                zero     0x20002663      0x1  app_link_synchronize.o [1]
  .bss                zero     0x20002664     0x60  mde_ntcSensor.o [1]
  .bss                zero     0x200026c4     0x60  pbc_sysTick.o [1]
  .bss                zero     0x20002724     0x48  app_link_synchronize.o [1]
  .bss                zero     0x2000276c     0x40  bsp_mRtuSlave.o [1]
  .bss                zero     0x200027ac     0x40  bsp_mRtuSlave.o [1]
  .bss                zero     0x200027ec     0x40  bsp_mRtuSlave.o [1]
  .bss                zero     0x2000282c     0x30  app_general.o [1]
  .bss                zero     0x2000285c     0x20  app_link_request.o [1]
  .bss                zero     0x2000287c     0x14  mde_storage32bits.o [1]
  .bss                zero     0x20002890      0xc  pbc_sysTick.o [1]
  .bss                zero     0x2000289c      0x8  pbc_timeStamp.o [1]
  .bss                zero     0x200028a4      0x6  bsp_bough_link.o [1]
  .bss                zero     0x200028aa      0x6  bsp_mRtuSlave.o [1]
  .bss                zero     0x200028b0      0x6  bsp_mRtuSlave.o [1]
  .bss                zero     0x200028b6      0x6  bsp_mRtuSlave.o [1]
  .bss                zero     0x200028bc      0x2  app_general.o [1]
  .bss                zero     0x200028be      0x2  app_link_request.o [1]
  .bss                zero     0x200028c0      0x2  bsp_sysTick.o [1]
  .bss                zero     0x200028c2      0x2  mde_ntcSensor.o [1]
  .bss                zero     0x200028c4      0x1  app_modbus_onewire.o [1]
  .bss                zero     0x200028c5      0x1  app_modbus_remote.o [1]
  .bss                zero     0x200028c6      0x1  bsp_bough_link.o [1]
  .bss                zero     0x200028c7      0x1  bsp_bough_link.o [1]
  .bss                zero     0x200028c8      0x1  mde_bough_link_half.o [1]
  .bss                zero     0x200028c9      0x1  mde_mRtuSlave.o [1]
  .bss                zero     0x200028ca      0x1  pbc_sysTick.o [1]
  .bss                zero     0x200028cb      0x1  pbc_sysTick.o [1]
                             - 0x200028cc   0x1ab8

"P3", part 3 of 3:                           0x400
  CSTACK                       0x200028d0    0x400  <Block>
    CSTACK            uninit   0x200028d0    0x400  <Block tail>
                             - 0x20002cd0    0x400


*******************************************************************************
*** INIT TABLE
***

          Address     Size
          -------     ----
Zero (__iar_zero_init3)
    1 destination range, total size 0x1ab8:
          0x20000e14  0x1ab8

Copy/packbits (__iar_packbits_init3)
    1 source range, total size 0xfb (6% of destination):
          0x00016ec0    0xfb
    1 destination range, total size 0xe14:
          0x20000000   0xe14



*******************************************************************************
*** MODULE SUMMARY
***

    Module                  ro code  ro data  rw data
    ------                  -------  -------  -------
F:\gitFiles\branch\cch.a-control\soft\cch.a\prj_ac\Release\Obj: [1]
    app_general.o            11 548      151    2 550
    app_led.o                    20
    app_link_log.o            7 044        1      473
    app_link_request.o          320                34
    app_link_scheduler.o         82
    app_link_synchronize.o   13 504        6      357
    app_logic_relay.o             4
    app_modbus_onewire.o        336                 1
    app_modbus_register.o    38 268
    app_modbus_remote.o         668                 1
    app_pwm_control.o            26
    app_real_time_clock.o       360        2       28
    app_storage.o               388       72    1 036
    app_tempertaure.o           276        2       20
    bsp_PID.o                    98
    bsp_bough_link.o          1 950             1 038
    bsp_flashMemory.o           102
    bsp_i2c.o                   596
    bsp_led.o                    74
    bsp_mRtuSlave.o           2 248               978
    bsp_ntcSensor.o             280
    bsp_pwm.o                   348
    bsp_relay.o                 756
    bsp_sd3078.o                648
    bsp_sysTick.o                76                 2
    bsp_w25q64.o                188
    bsp_watchDog.o               62
    gd32f4xx_adc.o              620
    gd32f4xx_exti.o             132
    gd32f4xx_fwdgt.o            104
    gd32f4xx_gpio.o             274
    gd32f4xx_misc.o             156
    gd32f4xx_rcu.o              676
    gd32f4xx_spi.o               90
    gd32f4xx_syscfg.o           108
    gd32f4xx_timer.o          1 272
    gd32f4xx_usart.o            496
    main.o                       32
    mde_bough_link_half.o     1 412             1 473
    mde_led.o                   268        3       32
    mde_mRtuSlave.o           1 312             1 729
    mde_mixWater.o              240        1       26
    mde_ntcSensor.o           1 204                98
    mde_pwm.o                   140        2       28
    mde_relay.o                 504               252
    mde_sd3078.o                128
    mde_storage32bits.o         600                20
    mde_w25q64.o                680                 4
    mde_watchDog.o                8
    pbc_crc16.o                 560
    pbc_dataConvert.o            52
    pbc_sysTick.o               564               110
    pbc_timeStamp.o             244                 8
    startup_gd32f407.o          728
    system_gd32f4xx.o           260        1        4
    -------------------------------------------------
    Total:                   93 134      241   10 302

command line: [2]
    -------------------------------------------------
    Total:

dl7M_tln.a: [3]
    abort.o                       6
    exit.o                        4
    rand.o                      224       10      140
    -------------------------------------------------
    Total:                      234       10      140

rt7M_tl.a: [4]
    ABImemcpy_unaligned.o        86
    XXexit.o                     12
    cexit.o                      10
    cmain.o                      26
    cstartup_M.o                 12
    data_init.o                  40
    packbits_init.o             206
    zero_init3.o                 64
    -------------------------------------------------
    Total:                      456

    Gaps                         20                 2
    Linker created                        44    1 024
-----------------------------------------------------
    Grand Total:             93 844      295   11 468


*******************************************************************************
*** ENTRY LIST
***

Entry                      Address    Size  Type      Object
-----                      -------    ----  ----      ------
.iar.init_table$$Base   0x00016cec           --   Gb  - Linker created -
.iar.init_table$$Limit  0x00016d18           --   Gb  - Linker created -
?main                   0x00016d39          Code  Gb  cmain.o [4]
APP_pull_aricod_message
                        0x0000c34f    0x30  Code  Gb  app_general.o [1]
APP_push_aricod_message
                        0x0000c37f    0x2e  Code  Gb  app_general.o [1]
B3380_10k_Table         0x0001216c   0x118  Data  Gb  mde_ntcSensor.o [1]
BSP_ADC12_Start         0x00013b8f     0x8  Code  Gb  bsp_ntcSensor.o [1]
BSP_ADC1_GetValue       0x00013b89     0x6  Code  Gb  bsp_ntcSensor.o [1]
BSP_ADC1_SampleOnceFinish
                        0x00013b97    0x12  Code  Gb  bsp_ntcSensor.o [1]
BSP_ADC_Channal_four    0x00013bcf     0x6  Code  Gb  bsp_ntcSensor.o [1]
BSP_ADC_Channal_one     0x00013ba9     0x6  Code  Gb  bsp_ntcSensor.o [1]
BSP_ADC_Channal_three   0x00013bc9     0x6  Code  Gb  bsp_ntcSensor.o [1]
BSP_ADC_Channal_two     0x00013baf     0x4  Code  Gb  bsp_ntcSensor.o [1]
BSP_ADC_Configure       0x00013b5d    0x2c  Code  Gb  bsp_ntcSensor.o [1]
BSP_ADC_Software_Configure
                        0x00013abd    0xa0  Code  Gb  bsp_ntcSensor.o [1]
BSP_IWDG_Configure      0x00013fb9    0x3a  Code  Gb  bsp_watchDog.o [1]
BSP_IWDG_FeedDog        0x00013ff3     0x4  Code  Gb  bsp_watchDog.o [1]
BSP_Led1_Disable        0x00015f61     0x8  Code  Gb  bsp_led.o [1]
BSP_Led1_Enable         0x00015f51     0x4  Code  Gb  bsp_led.o [1]
BSP_Relay10_Disable     0x00013e6f     0x4  Code  Gb  bsp_relay.o [1]
BSP_Relay10_Enable      0x00013e1d     0x2  Code  Gb  bsp_relay.o [1]
BSP_Relay11_Disable     0x00013e73     0x8  Code  Gb  bsp_relay.o [1]
BSP_Relay11_Enable      0x00013e1f     0x2  Code  Gb  bsp_relay.o [1]
BSP_Relay12_Disable     0x00013e7b     0x2  Code  Gb  bsp_relay.o [1]
BSP_Relay12_Enable      0x00013e29     0x4  Code  Gb  bsp_relay.o [1]
BSP_Relay13_Disable     0x00013e85     0x4  Code  Gb  bsp_relay.o [1]
BSP_Relay13_Enable      0x00013e2d     0x2  Code  Gb  bsp_relay.o [1]
BSP_Relay14_Disable     0x00013e89     0x2  Code  Gb  bsp_relay.o [1]
BSP_Relay14_Enable      0x00013e37     0x4  Code  Gb  bsp_relay.o [1]
BSP_Relay15_Disable     0x00013e93     0x4  Code  Gb  bsp_relay.o [1]
BSP_Relay15_Enable      0x00013e3b     0x2  Code  Gb  bsp_relay.o [1]
BSP_Relay1_Disable      0x00013e45     0x4  Code  Gb  bsp_relay.o [1]
BSP_Relay1_Enable       0x00013de7     0x4  Code  Gb  bsp_relay.o [1]
BSP_Relay2_Disable      0x00013e49     0x4  Code  Gb  bsp_relay.o [1]
BSP_Relay2_Enable       0x00013deb     0x4  Code  Gb  bsp_relay.o [1]
BSP_Relay3_Disable      0x00013e4d     0x4  Code  Gb  bsp_relay.o [1]
BSP_Relay3_Enable       0x00013def     0x4  Code  Gb  bsp_relay.o [1]
BSP_Relay4_Disable      0x00013e51     0x4  Code  Gb  bsp_relay.o [1]
BSP_Relay4_Enable       0x00013df3     0x4  Code  Gb  bsp_relay.o [1]
BSP_Relay5_Disable      0x00013e55     0x4  Code  Gb  bsp_relay.o [1]
BSP_Relay5_Enable       0x00013df7     0x4  Code  Gb  bsp_relay.o [1]
BSP_Relay6_Disable      0x00013e59     0x2  Code  Gb  bsp_relay.o [1]
BSP_Relay6_Enable       0x00013dfb     0x4  Code  Gb  bsp_relay.o [1]
BSP_Relay7_Disable      0x00013e63     0x4  Code  Gb  bsp_relay.o [1]
BSP_Relay7_Enable       0x00013dff     0x2  Code  Gb  bsp_relay.o [1]
BSP_Relay8_Disable      0x00013e67     0x4  Code  Gb  bsp_relay.o [1]
BSP_Relay8_Enable       0x00013e09     0x2  Code  Gb  bsp_relay.o [1]
BSP_Relay9_Disable      0x00013e6b     0x4  Code  Gb  bsp_relay.o [1]
BSP_Relay9_Enable       0x00013e13     0x2  Code  Gb  bsp_relay.o [1]
CSTACK$$Base            0x200028d0           --   Gb  - Linker created -
CSTACK$$Limit           0x20002cd0           --   Gb  - Linker created -
Crc16CalculateOfByte    0x0001438d    0x2e  Code  Gb  pbc_crc16.o [1]
EXTI10_15_IRQHandler    0x000146dd    0x2c  Code  Gb  bsp_bough_link.o [1]
EXTI3_IRQHandler        0x00014a4b    0x22  Code  Gb  bsp_bough_link.o [1]
GetRandomDelayTime      0x00009705    0x16  Code  Gb  app_general.o [1]
InStream_StepRegion     0x00016b3d    0x14  Code  Lc  packbits_init.o [4]
Mod_SearchNTCTable      0x00011fad    0x6e  Code  Gb  mde_ntcSensor.o [1]
NTCSensorTask           0x00011ef9    0xb4  Code  Gb  mde_ntcSensor.o [1]
PID_get_pid_value       0x00013ec9    0x62  Code  Gb  bsp_PID.o [1]
PwmControlTask          0x00013f2d    0x24  Code  Gb  mde_pwm.o [1]
PwmControl_Configure    0x00015d97   0x11e  Code  Gb  bsp_pwm.o [1]
Region$$Table$$Base     0x00016cec           --   Gb  - Linker created -
Region$$Table$$Limit    0x00016d18           --   Gb  - Linker created -
RestoreFactoryStorage   0x0000fea9    0x78  Code  Gb  app_storage.o [1]
SPITimeout              0x20000e0c     0x4  Data  Lc  mde_w25q64.o [1]
SPI_FLASH_BufferRead    0x000132c7    0x42  Code  Gb  mde_w25q64.o [1]
SPI_FLASH_BufferWrite   0x000131bb   0x10c  Code  Gb  mde_w25q64.o [1]
SPI_FLASH_Init          0x0001309d     0x4  Code  Gb  mde_w25q64.o [1]
SPI_FLASH_PageWrite     0x00013161    0x5a  Code  Gb  mde_w25q64.o [1]
SPI_FLASH_ReadID        0x00013309    0x32  Code  Gb  mde_w25q64.o [1]
SPI_FLASH_SectorErase   0x00013121    0x40  Code  Gb  mde_w25q64.o [1]
SPI_FLASH_SendByte      0x000130a1    0x50  Code  Gb  mde_w25q64.o [1]
SPI_FLASH_WaitForWriteEnd
                        0x000130f1    0x30  Code  Gb  mde_w25q64.o [1]
StoRunParameter         0x2000081c   0x400  Data  Gb  app_storage.o [1]
SysTick_Handler         0x00012967     0xa  Code  Gb  bsp_sysTick.o [1]
SystemCoreClock         0x20000e10     0x4  Data  Gb  system_gd32f4xx.o [1]
SystemInit              0x00016a39    0xee  Code  Gb  system_gd32f4xx.o [1]
TIM0CH0_Loading_PwmDutyOut
                        0x00015d61    0x16  Code  Gb  bsp_pwm.o [1]
TIM0CH1_Loading_PwmDutyOut
                        0x00015d77    0x1a  Code  Gb  bsp_pwm.o [1]
TIMER2_IRQHandler       0x00014a15    0x1e  Code  Gb  bsp_bough_link.o [1]
TIMER4_IRQHandler       0x000146bb    0x22  Code  Gb  bsp_bough_link.o [1]
UART3_IRQHandler        0x000145bd    0xfe  Code  Gb  bsp_bough_link.o [1]
USART0_IRQHandler       0x00014e75   0x100  Code  Gb  bsp_mRtuSlave.o [1]
USART1_IRQHandler       0x000148fd    0xfe  Code  Gb  bsp_bough_link.o [1]
USART2_IRQHandler       0x00015121   0x100  Code  Gb  bsp_mRtuSlave.o [1]
USART5_IRQHandler       0x0001543d    0xec  Code  Gb  bsp_mRtuSlave.o [1]
_Rand_idx               0x20000c24     0x4  Data  Lc  rand.o [3]
_Rand_rv                0x20000c28    0x80  Data  Lc  rand.o [3]
_Randinit               0x20000c1c     0x1  Data  Gb  rand.o [3]
_Randseed               0x20000c20     0x4  Data  Gb  rand.o [3]
__cmain                 0x00016d39          Code  Gb  cmain.o [4]
__exit                  0x00016c11          Code  Gb  XXexit.o [4]
__iar_data_init3        0x00016cc5    0x28  Code  Gb  data_init.o [4]
__iar_packbits_init3    0x00016b51    0xba  Code  Gb  packbits_init.o [4]
__iar_program_start     0x00016d75          Code  Gb  cstartup_M.o [4]
__iar_unaligned___aeabi_memcpy4
                        0x00012f05          Code  Gb  ABImemcpy_unaligned.o [4]
__iar_unaligned___aeabi_memcpy8
                        0x00012f05          Code  Gb  ABImemcpy_unaligned.o [4]
__iar_zero_init3        0x00016c83    0x40  Code  Gb  zero_init3.o [4]
__vector_table          0x00000000          Data  Gb  startup_gd32f407.o [1]
_call_main              0x00016d45          Code  Gb  cmain.o [4]
_control_pad_syn_task   0x0000e449  0x198e  Code  Gb  app_link_synchronize.o [1]
_control_pad_syn_task::failCount
                        0x200025f4     0x1  Data  Lc  app_link_synchronize.o [1]
_control_pad_syn_task::list_port
                        0x200025f6     0x1  Data  Lc  app_link_synchronize.o [1]
_control_pad_syn_task::padSynBlock
                        0x20002590    0x64  Data  Lc  app_link_synchronize.o [1]
_control_pad_syn_task::updata_port
                        0x200025f5     0x1  Data  Lc  app_link_synchronize.o [1]
_exit                   0x00016d59          Code  Gb  cexit.o [4]
_log_task               0x00010319  0x17f0  Code  Gb  app_link_log.o [1]
_main                   0x00016d4f          Code  Gb  cmain.o [4]
_master_system_syn_task
                        0x0000ddd5   0x65c  Code  Gb  app_link_synchronize.o [1]
_master_system_syn_task::failCount
                        0x2000265c     0x1  Data  Lc  app_link_synchronize.o [1]
_master_system_syn_task::synBlock
                        0x200025f8    0x64  Data  Lc  app_link_synchronize.o [1]
abort                   0x00016c0b     0x6  Code  Gb  abort.o [3]
adc_calibration_enable  0x00015a81    0x20  Code  Gb  gd32f4xx_adc.o [1]
adc_channel_length_config
                        0x00015af7    0x46  Code  Gb  gd32f4xx_adc.o [1]
adc_clock_config        0x000159f7     0xc  Code  Gb  gd32f4xx_adc.o [1]
adc_data_alignment_config
                        0x00015a5b    0x14  Code  Gb  gd32f4xx_adc.o [1]
adc_deinit              0x000159e1    0x16  Code  Gb  gd32f4xx_adc.o [1]
adc_discontinuous_mode_config
                        0x00015ab3    0x44  Code  Gb  gd32f4xx_adc.o [1]
adc_enable              0x00015a6f    0x12  Code  Gb  gd32f4xx_adc.o [1]
adc_end_of_conversion_config
                        0x00015bf3    0x1e  Code  Gb  gd32f4xx_adc.o [1]
adc_external_trigger_config
                        0x00015ba3    0x30  Code  Gb  gd32f4xx_adc.o [1]
adc_flag_get            0x00015c1b     0xe  Code  Gb  gd32f4xx_adc.o [1]
adc_interrupt_flag_clear
                        0x00015c29     0x2  Code  Gb  gd32f4xx_adc.o [1]
adc_regular_channel_config
                        0x00015b3d    0x44  Code  Gb  gd32f4xx_adc.o [1]
adc_regular_data_read   0x00015c11     0x8  Code  Gb  gd32f4xx_adc.o [1]
adc_resolution_config   0x00015aa1    0x12  Code  Gb  gd32f4xx_adc.o [1]
adc_software_trigger_enable
                        0x00015bd3    0x20  Code  Gb  gd32f4xx_adc.o [1]
adc_special_function_config
                        0x00015a03    0x58  Code  Gb  gd32f4xx_adc.o [1]
adc_sync_mode_config    0x00015c35     0x8  Code  Gb  gd32f4xx_adc.o [1]
aiParameter             0x2000282c    0x30  Data  Lc  app_general.o [1]
aiStatus                0x20000d5c     0x1  Data  Lc  app_general.o [1]
aircodMesBuff_1         0x20001c64    0xa8  Data  Gb  app_general.o [1]
aircodMesBuff_5001      0x20001d0c    0x94  Data  Gb  app_general.o [1]
appModbusRegedit        0x20001a94   0x1d0  Data  Gb  app_link_log.o [1]
appModbusSyn            0x20002724    0x48  Data  Gb  app_link_synchronize.o [1]
app_clock_timing_read   0x0000c421    0x6a  Code  Gb  app_real_time_clock.o [1]
app_clock_timing_read::measure_delay
                        0x20000d8c     0x8  Data  Lc  app_real_time_clock.o [1]
app_general_check_dpstamp
                        0x0000b76f    0x62  Code  Gb  app_general.o [1]
app_general_check_dpstamp::measure_delay
                        0x20000814     0x8  Data  Lc  app_general.o [1]
app_general_check_parameter_change_task
                        0x0000b501    0xac  Code  Gb  app_general.o [1]
app_general_check_parameter_change_task::max_lew_temp
                        0x20000d18     0x2  Data  Lc  app_general.o [1]
app_general_check_parameter_change_task::tempDestTemp
                        0x20000d12     0x2  Data  Lc  app_general.o [1]
app_general_check_parameter_change_task::tempError
                        0x20000d14     0x2  Data  Lc  app_general.o [1]
app_general_check_parameter_change_task::tempLowTempRequest
                        0x20000d0a     0x1  Data  Lc  app_general.o [1]
app_general_check_parameter_change_task::tempPump
                        0x20000d08     0x1  Data  Lc  app_general.o [1]
app_general_check_parameter_change_task::tempSystemNeed
                        0x20000d0b     0x1  Data  Lc  app_general.o [1]
app_general_check_parameter_change_task::tempThreeVavle
                        0x20000d09     0x1  Data  Lc  app_general.o [1]
app_general_check_parameter_change_task::temp_lew_status
                        0x20000d16     0x2  Data  Lc  app_general.o [1]
app_general_check_system_lew_temp_status
                        0x0000b6f5    0x7a  Code  Gb  app_general.o [1]
app_general_clear_error_word
                        0x00009755     0xe  Code  Gb  app_general.o [1]
app_general_clear_master_error_word
                        0x0000980d     0xe  Code  Gb  app_general.o [1]
app_general_id_ocupy_task
                        0x0000b311   0x1e4  Code  Gb  app_general.o [1]
app_general_id_ocupy_task::check_list_delay
                        0x2000080c     0x8  Data  Lc  app_general.o [1]
app_general_mix_water_task
                        0x0000b9f9   0x956  Code  Gb  app_general.o [1]
app_general_mix_water_task::cfg
                        0x20000d0c     0x1  Data  Lc  app_general.o [1]
app_general_mix_water_task{1}{2}::adjust_delay
                        0x20000d34     0x8  Data  Lc  app_general.o [1]
app_general_mix_water_task{1}{2}::energy_delay
                        0x20000d24     0x8  Data  Lc  app_general.o [1]
app_general_mix_water_task{1}{2}::inloop_checkFlag
                        0x20000d0e     0x1  Data  Lc  app_general.o [1]
app_general_mix_water_task{1}{2}::inloop_check_delay
                        0x20000d2c     0x8  Data  Lc  app_general.o [1]
app_general_mix_water_task{1}{2}::pump_status
                        0x20000d0f     0x1  Data  Lc  app_general.o [1]
app_general_mix_water_task{1}{2}::start_energy_need
                        0x20000d0d     0x1  Data  Lc  app_general.o [1]
app_general_mix_water_task{1}{2}::start_mixTemp
                        0x20000d1a     0x2  Data  Lc  app_general.o [1]
app_general_para_updata_task
                        0x0000b7dd   0x206  Code  Gb  app_general.o [1]
app_general_para_updata_task::measure_delay
                        0x20000d1c     0x8  Data  Lc  app_general.o [1]
app_general_pull_adjust_afterfu_co2
                        0x00009e0f     0xa  Code  Gb  app_general.o [1]
app_general_pull_adjust_afterfu_hum
                        0x00009dfb     0xa  Code  Gb  app_general.o [1]
app_general_pull_adjust_afterfu_pm25
                        0x00009e19     0xa  Code  Gb  app_general.o [1]
app_general_pull_adjust_afterfu_temp
                        0x00009e05     0xa  Code  Gb  app_general.o [1]
app_general_pull_adjust_backair_co2
                        0x00009e37     0xa  Code  Gb  app_general.o [1]
app_general_pull_adjust_backair_hum
                        0x00009e23     0xa  Code  Gb  app_general.o [1]
app_general_pull_adjust_backair_pm25
                        0x00009e41     0xa  Code  Gb  app_general.o [1]
app_general_pull_adjust_backair_temp
                        0x00009e2d     0xa  Code  Gb  app_general.o [1]
app_general_pull_adjust_beforfu_co2
                        0x00009de7     0xa  Code  Gb  app_general.o [1]
app_general_pull_adjust_beforfu_hum
                        0x00009dd3     0xa  Code  Gb  app_general.o [1]
app_general_pull_adjust_beforfu_pm25
                        0x00009df1     0xa  Code  Gb  app_general.o [1]
app_general_pull_adjust_beforfu_temp
                        0x00009ddd     0xa  Code  Gb  app_general.o [1]
app_general_pull_adjust_exhastair_co2
                        0x00009e5f     0xa  Code  Gb  app_general.o [1]
app_general_pull_adjust_exhastair_hum
                        0x00009e4b     0xa  Code  Gb  app_general.o [1]
app_general_pull_adjust_exhastair_pm25
                        0x00009e69     0xa  Code  Gb  app_general.o [1]
app_general_pull_adjust_exhastair_temp
                        0x00009e55     0xa  Code  Gb  app_general.o [1]
app_general_pull_adjust_outdoor_co2
                        0x00009dbf     0xa  Code  Gb  app_general.o [1]
app_general_pull_adjust_outdoor_hum
                        0x00009dab     0xa  Code  Gb  app_general.o [1]
app_general_pull_adjust_outdoor_pm25
                        0x00009dc9     0xa  Code  Gb  app_general.o [1]
app_general_pull_adjust_outdoor_temp
                        0x00009db5     0xa  Code  Gb  app_general.o [1]
app_general_pull_ae_error_word
                        0x0000981b     0x8  Code  Gb  app_general.o [1]
app_general_pull_ae_ntc_error_word
                        0x0000a057     0x6  Code  Gb  app_general.o [1]
app_general_pull_after_fu_hum
                        0x00009bab     0x8  Code  Gb  app_general.o [1]
app_general_pull_after_fu_temp
                        0x00009b8d     0x8  Code  Gb  app_general.o [1]
app_general_pull_ai_dest_temp
                        0x0000a0af     0x8  Code  Gb  app_general.o [1]
app_general_pull_ai_enable_status
                        0x0000a0b7     0x8  Code  Gb  app_general.o [1]
app_general_pull_aircod_backair_speed
                        0x00009cf1     0xa  Code  Gb  app_general.o [1]
app_general_pull_aircod_cold_temp
                        0x000099b3     0x4  Code  Gb  app_general.o [1]
app_general_pull_aircod_fanSpeed
                        0x00009947     0x8  Code  Gb  app_general.o [1]
app_general_pull_aircod_heat_temp
                        0x000099bd     0x4  Code  Gb  app_general.o [1]
app_general_pull_aircod_humidity
                        0x0000991d     0xa  Code  Gb  app_general.o [1]
app_general_pull_aircod_mode
                        0x000098ed    0x10  Code  Gb  app_general.o [1]
app_general_pull_aircod_newair_speed
                        0x00009cd5     0x8  Code  Gb  app_general.o [1]
app_general_pull_aircod_setHum_deadZone
                        0x00009ccb     0xa  Code  Gb  app_general.o [1]
app_general_pull_aircod_setTemp_deadZone
                        0x00009c97     0x8  Code  Gb  app_general.o [1]
app_general_pull_anergy_need
                        0x0000a03b     0x8  Code  Gb  app_general.o [1]
app_general_pull_back_air_pwm_high
                        0x00009a4d     0xa  Code  Gb  app_general.o [1]
app_general_pull_back_air_pwm_low
                        0x00009a39     0xa  Code  Gb  app_general.o [1]
app_general_pull_back_air_pwm_mid
                        0x00009a43     0xa  Code  Gb  app_general.o [1]
app_general_pull_backair_co2
                        0x00009c41     0x8  Code  Gb  app_general.o [1]
app_general_pull_backair_hum
                        0x00009be7     0x8  Code  Gb  app_general.o [1]
app_general_pull_backair_pm25
                        0x00009c5f     0x8  Code  Gb  app_general.o [1]
app_general_pull_backair_temp
                        0x00009bc9     0x8  Code  Gb  app_general.o [1]
app_general_pull_before_fu_hum
                        0x00009b6f     0x8  Code  Gb  app_general.o [1]
app_general_pull_before_fu_temp
                        0x00009b51     0x8  Code  Gb  app_general.o [1]
app_general_pull_cold_fan_need_set_temp
                        0x0000ab43     0x4  Code  Gb  app_general.o [1]
app_general_pull_cold_no_need_set_temp
                        0x0000ab1f     0x4  Code  Gb  app_general.o [1]
app_general_pull_cold_warm_need_set_temp
                        0x0000ab5d     0x4  Code  Gb  app_general.o [1]
app_general_pull_cold_wind_max_set_temp
                        0x0000abed     0x4  Code  Gb  app_general.o [1]
app_general_pull_config_back_wind_set_temp
                        0x0000abc5     0x4  Code  Gb  app_general.o [1]
app_general_pull_config_hum_set
                        0x0000abd9     0x4  Code  Gb  app_general.o [1]
app_general_pull_config_lew_set_temp
                        0x0000ab71     0x4  Code  Gb  app_general.o [1]
app_general_pull_coolbackwater_set_temp
                        0x0000a9bd     0xa  Code  Gb  app_general.o [1]
app_general_pull_debug_enable
                        0x0000aaf9     0x8  Code  Gb  app_general.o [1]
app_general_pull_devive_error_word
                        0x0000a27d    0x10  Code  Gb  app_general.o [1]
app_general_pull_devive_id0
                        0x0000a303    0x10  Code  Gb  app_general.o [1]
app_general_pull_devive_id1
                        0x0000a32b     0xe  Code  Gb  app_general.o [1]
app_general_pull_devive_id2
                        0x0000a351    0x10  Code  Gb  app_general.o [1]
app_general_pull_devive_online
                        0x0000a29d    0x10  Code  Gb  app_general.o [1]
app_general_pull_devive_power
                        0x0000a387    0x12  Code  Gb  app_general.o [1]
app_general_pull_devive_type
                        0x0000a2bd    0x10  Code  Gb  app_general.o [1]
app_general_pull_error_word
                        0x00009741     0x8  Code  Gb  app_general.o [1]
app_general_pull_exhastair_hum
                        0x00009c23     0x8  Code  Gb  app_general.o [1]
app_general_pull_exhastair_temp
                        0x00009c05     0x8  Code  Gb  app_general.o [1]
app_general_pull_filter_time
                        0x0000a179     0x8  Code  Gb  app_general.o [1]
app_general_pull_filter_usetime
                        0x0000a19f     0xa  Code  Gb  app_general.o [1]
app_general_pull_freshair_effciency
                        0x0000a7fb     0xa  Code  Gb  app_general.o [1]
app_general_pull_fu_machine_fre
                        0x00009d2b     0xa  Code  Gb  app_general.o [1]
app_general_pull_heat_fan_need_set_temp
                        0x0000ab9d     0x4  Code  Gb  app_general.o [1]
app_general_pull_heat_no_need_set_temp
                        0x0000ab89     0x4  Code  Gb  app_general.o [1]
app_general_pull_heat_warm_need_set_temp
                        0x0000abb1     0x4  Code  Gb  app_general.o [1]
app_general_pull_heat_wind_max_set_temp
                        0x0000ac15     0x4  Code  Gb  app_general.o [1]
app_general_pull_heat_wind_min_set_temp
                        0x0000ac01     0x4  Code  Gb  app_general.o [1]
app_general_pull_hotbackwater_set_temp
                        0x0000a9c7     0xa  Code  Gb  app_general.o [1]
app_general_pull_hotwater_enable
                        0x0000a14d     0x8  Code  Gb  app_general.o [1]
app_general_pull_indoor_dehum_status
                        0x0000ac31     0x8  Code  Gb  app_general.o [1]
app_general_pull_lew_status_close_status
                        0x0000ac6b     0x4  Code  Gb  app_general.o [1]
app_general_pull_lew_status_open_status
                        0x0000ac57     0x4  Code  Gb  app_general.o [1]
app_general_pull_main_control_method
                        0x0000ac1f     0x8  Code  Gb  app_general.o [1]
app_general_pull_master_error_word
                        0x000097fd     0x8  Code  Gb  app_general.o [1]
app_general_pull_master_living_temp
                        0x00009d73     0xa  Code  Gb  app_general.o [1]
app_general_pull_master_outdoor_temp
                        0x00009d8f     0xa  Code  Gb  app_general.o [1]
app_general_pull_master_supply_temp
                        0x00009d57     0xa  Code  Gb  app_general.o [1]
app_general_pull_mix_freeze_protect
                        0x0000a0d7     0x6  Code  Gb  app_general.o [1]
app_general_pull_new_air_pwm_high
                        0x000099db     0xa  Code  Gb  app_general.o [1]
app_general_pull_new_air_pwm_low
                        0x000099c7     0xa  Code  Gb  app_general.o [1]
app_general_pull_new_air_pwm_mid
                        0x000099d1     0xa  Code  Gb  app_general.o [1]
app_general_pull_outdoor_hum
                        0x00009b33     0x8  Code  Gb  app_general.o [1]
app_general_pull_outdoor_temp
                        0x00009b15     0x8  Code  Gb  app_general.o [1]
app_general_pull_pad_adjust_hum
                        0x0000a9ad    0x10  Code  Gb  app_general.o [1]
app_general_pull_pad_adjust_temp
                        0x0000a983    0x10  Code  Gb  app_general.o [1]
app_general_pull_pad_ai_cold_diff
                        0x0000a78f    0x10  Code  Gb  app_general.o [1]
app_general_pull_pad_ai_heat_diff
                        0x0000a7b9    0x10  Code  Gb  app_general.o [1]
app_general_pull_pad_bind_list_fan
                        0x0000a931    0x10  Code  Gb  app_general.o [1]
app_general_pull_pad_bind_list_warm
                        0x0000a951    0x10  Code  Gb  app_general.o [1]
app_general_pull_pad_child_lock
                        0x0000a4f9    0x10  Code  Gb  app_general.o [1]
app_general_pull_pad_cold_colla_enable
                        0x0000a7e3    0x10  Code  Gb  app_general.o [1]
app_general_pull_pad_cold_comfortable_temp
                        0x0000a54d    0x10  Code  Gb  app_general.o [1]
app_general_pull_pad_cold_warm_status
                        0x0000a46f    0x10  Code  Gb  app_general.o [1]
app_general_pull_pad_control_num
                        0x0000a8e3    0x10  Code  Gb  app_general.o [1]
app_general_pull_pad_deadzone_lewtemp
                        0x0000a61f    0x10  Code  Gb  app_general.o [1]
app_general_pull_pad_deadzone_temp
                        0x0000a5f5    0x10  Code  Gb  app_general.o [1]
app_general_pull_pad_dp_stamp
                        0x0000a243    0x14  Code  Gb  app_general.o [1]
app_general_pull_pad_fan_control
                        0x0000a6e7    0x10  Code  Gb  app_general.o [1]
app_general_pull_pad_fan_need
                        0x0000a869    0x10  Code  Gb  app_general.o [1]
app_general_pull_pad_fan_out_speed
                        0x0000a891    0x10  Code  Gb  app_general.o [1]
app_general_pull_pad_fan_speed_output
                        0x0000a8b9    0x10  Code  Gb  app_general.o [1]
app_general_pull_pad_freeze_protect
                        0x0000a499    0x10  Code  Gb  app_general.o [1]
app_general_pull_pad_freeze_temp
                        0x0000a4cb    0x10  Code  Gb  app_general.o [1]
app_general_pull_pad_heat_comfortable_temp
                        0x0000a577    0x10  Code  Gb  app_general.o [1]
app_general_pull_pad_id_ocupy_time
                        0x0000a1a9     0xe  Code  Gb  app_general.o [1]
app_general_pull_pad_id_use_message
                        0x0000a217    0x10  Code  Gb  app_general.o [1]
app_general_pull_pad_lew_dorp_temp_output
                        0x0000aae3     0xe  Code  Gb  app_general.o [1]
app_general_pull_pad_lew_drop_temp
                        0x0000a447    0x10  Code  Gb  app_general.o [1]
app_general_pull_pad_measure_hum
                        0x0000a66f    0x10  Code  Gb  app_general.o [1]
app_general_pull_pad_measure_temp
                        0x0000a647    0x10  Code  Gb  app_general.o [1]
app_general_pull_pad_onoff_memory
                        0x0000a523    0x10  Code  Gb  app_general.o [1]
app_general_pull_pad_output_status
                        0x0000b4f5     0x8  Code  Gb  app_general.o [1]
app_general_pull_pad_phy_port_bind_message
                        0x0000a1b7    0x50  Code  Gb  app_general.o [1]
app_general_pull_pad_repeat_bind_list
                        0x0000a961     0x8  Code  Gb  app_general.o [1]
app_general_pull_pad_room_area
                        0x0000aa43     0xe  Code  Gb  app_general.o [1]
app_general_pull_pad_set_cold_temp
                        0x0000a40f    0x10  Code  Gb  app_general.o [1]
app_general_pull_pad_set_fan_speed
                        0x0000a6bd    0x10  Code  Gb  app_general.o [1]
app_general_pull_pad_set_heat_temp
                        0x0000a41f    0x10  Code  Gb  app_general.o [1]
app_general_pull_pad_set_high_temp
                        0x0000a5a1    0x10  Code  Gb  app_general.o [1]
app_general_pull_pad_set_low_temp
                        0x0000a5cb    0x10  Code  Gb  app_general.o [1]
app_general_pull_pad_set_pwm_high
                        0x0000a765    0x10  Code  Gb  app_general.o [1]
app_general_pull_pad_set_pwm_low
                        0x0000a711    0x10  Code  Gb  app_general.o [1]
app_general_pull_pad_set_pwm_mid
                        0x0000a73b    0x10  Code  Gb  app_general.o [1]
app_general_pull_pad_two_output_mode
                        0x0000a911    0x10  Code  Gb  app_general.o [1]
app_general_pull_pad_type_warm_choose
                        0x0000aa1d     0xe  Code  Gb  app_general.o [1]
app_general_pull_pad_version
                        0x0000a2dd    0x10  Code  Gb  app_general.o [1]
app_general_pull_pad_warm_colla_enable
                        0x0000a81f    0x10  Code  Gb  app_general.o [1]
app_general_pull_pad_warm_need
                        0x0000a68f    0x10  Code  Gb  app_general.o [1]
app_general_pull_power_status
                        0x000098a9     0xa  Code  Gb  app_general.o [1]
app_general_pull_pump_output
                        0x0000a09f     0x8  Code  Gb  app_general.o [1]
app_general_pull_remote_control
                        0x00009781     0xa  Code  Gb  app_general.o [1]
app_general_pull_remote_relay
                        0x000097e5     0xe  Code  Gb  app_general.o [1]
app_general_pull_set_cold_water_temp
                        0x00009ae9     0x6  Code  Gb  app_general.o [1]
app_general_pull_set_heat_water_temp
                        0x00009aef     0x8  Code  Gb  app_general.o [1]
app_general_pull_set_living_water_temp
                        0x00009af7     0x8  Code  Gb  app_general.o [1]
app_general_pull_set_mixwater_cold_temp
                        0x0000a08f     0x8  Code  Gb  app_general.o [1]
app_general_pull_set_mixwater_heat_temp
                        0x0000a097     0x2  Code  Gb  app_general.o [1]
app_general_pull_system_dp_stamp
                        0x0000972d    0x14  Code  Gb  app_general.o [1]
app_general_pull_system_lew_temp_status
                        0x0000aaf1     0x8  Code  Gb  app_general.o [1]
app_general_pull_system_reset_word
                        0x00009837    0x10  Code  Gb  app_general.o [1]
app_general_pull_system_status_word
                        0x00009867     0x8  Code  Gb  app_general.o [1]
app_general_pull_three_vavle_output
                        0x0000a0a7     0x8  Code  Gb  app_general.o [1]
app_general_pull_unbind_list_fan
                        0x0000a113     0x6  Code  Gb  app_general.o [1]
app_general_pull_unbind_list_warm
                        0x0000a129     0x6  Code  Gb  app_general.o [1]
app_general_pull_water_machine_fre
                        0x00009d4d     0xa  Code  Gb  app_general.o [1]
app_general_pull_water_machine_status
                        0x0000ac99     0xc  Code  Gb  app_general.o [1]
app_general_pull_wind_value
                        0x0000a145     0x8  Code  Gb  app_general.o [1]
app_general_push_adjust_afterfu_co2
                        0x00009f51    0x16  Code  Gb  app_general.o [1]
app_general_push_adjust_afterfu_hum
                        0x00009f25    0x16  Code  Gb  app_general.o [1]
app_general_push_adjust_afterfu_pm25
                        0x00009f67    0x16  Code  Gb  app_general.o [1]
app_general_push_adjust_afterfu_temp
                        0x00009f3b    0x16  Code  Gb  app_general.o [1]
app_general_push_adjust_backair_co2
                        0x00009fab    0x18  Code  Gb  app_general.o [1]
app_general_push_adjust_backair_hum
                        0x00009f7d    0x16  Code  Gb  app_general.o [1]
app_general_push_adjust_backair_pm25
                        0x00009fc3    0x18  Code  Gb  app_general.o [1]
app_general_push_adjust_backair_temp
                        0x00009f93    0x18  Code  Gb  app_general.o [1]
app_general_push_adjust_beforfu_co2
                        0x00009ef9    0x16  Code  Gb  app_general.o [1]
app_general_push_adjust_beforfu_hum
                        0x00009ecd    0x16  Code  Gb  app_general.o [1]
app_general_push_adjust_beforfu_pm25
                        0x00009f0f    0x16  Code  Gb  app_general.o [1]
app_general_push_adjust_beforfu_temp
                        0x00009ee3    0x16  Code  Gb  app_general.o [1]
app_general_push_adjust_exhastair_co2
                        0x0000a00b    0x18  Code  Gb  app_general.o [1]
app_general_push_adjust_exhastair_hum
                        0x00009fdb    0x18  Code  Gb  app_general.o [1]
app_general_push_adjust_exhastair_pm25
                        0x0000a023    0x18  Code  Gb  app_general.o [1]
app_general_push_adjust_exhastair_temp
                        0x00009ff3    0x18  Code  Gb  app_general.o [1]
app_general_push_adjust_outdoor_co2
                        0x00009ea1    0x16  Code  Gb  app_general.o [1]
app_general_push_adjust_outdoor_hum
                        0x00009e73    0x18  Code  Gb  app_general.o [1]
app_general_push_adjust_outdoor_pm25
                        0x00009eb7    0x16  Code  Gb  app_general.o [1]
app_general_push_adjust_outdoor_temp
                        0x00009e8b    0x16  Code  Gb  app_general.o [1]
app_general_push_adress485
                        0x0000aa51    0x1e  Code  Gb  app_general.o [1]
app_general_push_ae_error_word
                        0x00009823     0xe  Code  Gb  app_general.o [1]
app_general_push_ae_ntc_error_word
                        0x0000a05d     0x6  Code  Gb  app_general.o [1]
app_general_push_after_fu_hum
                        0x00009b95    0x16  Code  Gb  app_general.o [1]
app_general_push_after_fu_temp
                        0x00009b77    0x16  Code  Gb  app_general.o [1]
app_general_push_ai_enable_status
                        0x0000a0bf    0x18  Code  Gb  app_general.o [1]
app_general_push_aircod_backair_speed
                        0x00009cfb    0x18  Code  Gb  app_general.o [1]
app_general_push_aircod_cold_temp
                        0x0000994f    0x32  Code  Gb  app_general.o [1]
app_general_push_aircod_fanSpeed
                        0x00009927    0x20  Code  Gb  app_general.o [1]
app_general_push_aircod_heat_temp
                        0x00009981    0x32  Code  Gb  app_general.o [1]
app_general_push_aircod_humidity
                        0x000098fd    0x20  Code  Gb  app_general.o [1]
app_general_push_aircod_mode
                        0x000098b3    0x3a  Code  Gb  app_general.o [1]
app_general_push_aircod_newair_speed
                        0x00009cdd    0x14  Code  Gb  app_general.o [1]
app_general_push_aircod_setHum_deadZone
                        0x00009c9f    0x2c  Code  Gb  app_general.o [1]
app_general_push_aircod_setTemp_deadZone
                        0x00009c67    0x30  Code  Gb  app_general.o [1]
app_general_push_anergy_need
                        0x0000a043    0x14  Code  Gb  app_general.o [1]
app_general_push_back_air_pwm_high
                        0x00009a8f    0x1c  Code  Gb  app_general.o [1]
app_general_push_back_air_pwm_low
                        0x00009a57    0x1c  Code  Gb  app_general.o [1]
app_general_push_back_air_pwm_mid
                        0x00009a73    0x1c  Code  Gb  app_general.o [1]
app_general_push_backair_co2
                        0x00009c2b    0x16  Code  Gb  app_general.o [1]
app_general_push_backair_hum
                        0x00009bd1    0x16  Code  Gb  app_general.o [1]
app_general_push_backair_pm25
                        0x00009c49    0x16  Code  Gb  app_general.o [1]
app_general_push_backair_temp
                        0x00009bb3    0x16  Code  Gb  app_general.o [1]
app_general_push_baudrate
                        0x0000aa6f    0x3e  Code  Gb  app_general.o [1]
app_general_push_before_fu_hum
                        0x00009b59    0x16  Code  Gb  app_general.o [1]
app_general_push_before_fu_temp
                        0x00009b3b    0x16  Code  Gb  app_general.o [1]
app_general_push_cc_reset
                        0x0000ac75     0xc  Code  Gb  app_general.o [1]
app_general_push_checkbit
                        0x0000aaad    0x1a  Code  Gb  app_general.o [1]
app_general_push_cold_fan_need_set_temp
                        0x0000ab29     0x8  Code  Gb  app_general.o [1]
app_general_push_cold_no_need_set_temp
                        0x0000ab15     0xa  Code  Gb  app_general.o [1]
app_general_push_cold_warm_need_set_temp
                        0x0000ab4d     0xa  Code  Gb  app_general.o [1]
app_general_push_cold_wind_max_set_temp
                        0x0000abe3     0xa  Code  Gb  app_general.o [1]
app_general_push_config_back_wind_set_temp
                        0x0000abbb     0xa  Code  Gb  app_general.o [1]
app_general_push_config_hum_set
                        0x0000abcf     0xa  Code  Gb  app_general.o [1]
app_general_push_config_lew_set_temp
                        0x0000ab67     0xa  Code  Gb  app_general.o [1]
app_general_push_coolbackwater_set_temp
                        0x0000a9d1    0x1a  Code  Gb  app_general.o [1]
app_general_push_debug_enable
                        0x0000ab01    0x14  Code  Gb  app_general.o [1]
app_general_push_devive_error_word
                        0x0000a257    0x26  Code  Gb  app_general.o [1]
app_general_push_devive_id0
                        0x0000a2f1    0x12  Code  Gb  app_general.o [1]
app_general_push_devive_id1
                        0x0000a313    0x10  Code  Gb  app_general.o [1]
app_general_push_devive_id2
                        0x0000a33f    0x12  Code  Gb  app_general.o [1]
app_general_push_devive_online
                        0x0000a28d    0x10  Code  Gb  app_general.o [1]
app_general_push_devive_power
                        0x0000a361    0x26  Code  Gb  app_general.o [1]
app_general_push_devive_type
                        0x0000a2ad    0x10  Code  Gb  app_general.o [1]
app_general_push_error_word
                        0x00009749     0xc  Code  Gb  app_general.o [1]
app_general_push_exhastair_hum
                        0x00009c0d    0x16  Code  Gb  app_general.o [1]
app_general_push_exhastair_temp
                        0x00009bef    0x16  Code  Gb  app_general.o [1]
app_general_push_filter_time
                        0x0000a165    0x14  Code  Gb  app_general.o [1]
app_general_push_filter_usetime
                        0x0000a185    0x10  Code  Gb  app_general.o [1]
app_general_push_filter_usetime_inside
                        0x0000a195     0xa  Code  Gb  app_general.o [1]
app_general_push_freshair_effciency
                        0x0000a7f3     0x8  Code  Gb  app_general.o [1]
app_general_push_fu_machine_fre
                        0x00009d13    0x18  Code  Gb  app_general.o [1]
app_general_push_hc_reset
                        0x0000ac81    0x18  Code  Gb  app_general.o [1]
app_general_push_heat_fan_need_set_temp
                        0x0000ab93     0xa  Code  Gb  app_general.o [1]
app_general_push_heat_no_need_set_temp
                        0x0000ab7b     0xa  Code  Gb  app_general.o [1]
app_general_push_heat_warm_need_set_temp
                        0x0000aba7     0xa  Code  Gb  app_general.o [1]
app_general_push_heat_wind_max_set_temp
                        0x0000ac0b     0xa  Code  Gb  app_general.o [1]
app_general_push_heat_wind_min_set_temp
                        0x0000abf7     0xa  Code  Gb  app_general.o [1]
app_general_push_hotbackwater_set_temp
                        0x0000a9eb    0x1a  Code  Gb  app_general.o [1]
app_general_push_hotwater_enable
                        0x0000a155    0x10  Code  Gb  app_general.o [1]
app_general_push_indoor_dehum_status
                        0x0000ac39    0x14  Code  Gb  app_general.o [1]
app_general_push_lew_status_close_status
                        0x0000ac61     0xa  Code  Gb  app_general.o [1]
app_general_push_lew_status_open_status
                        0x0000ac4d     0xa  Code  Gb  app_general.o [1]
app_general_push_main_control_method
                        0x0000ac27     0xa  Code  Gb  app_general.o [1]
app_general_push_master_error_word
                        0x00009805     0x8  Code  Gb  app_general.o [1]
app_general_push_master_living_temp
                        0x00009d7d    0x12  Code  Gb  app_general.o [1]
app_general_push_master_outdoor_temp
                        0x00009d99    0x12  Code  Gb  app_general.o [1]
app_general_push_master_supply_temp
                        0x00009d61    0x12  Code  Gb  app_general.o [1]
app_general_push_mix_freeze_protect
                        0x0000a0e5    0x2e  Code  Gb  app_general.o [1]
app_general_push_new_air_pwm_high
                        0x00009a1d    0x1c  Code  Gb  app_general.o [1]
app_general_push_new_air_pwm_low
                        0x000099e5    0x1c  Code  Gb  app_general.o [1]
app_general_push_new_air_pwm_mid
                        0x00009a01    0x1c  Code  Gb  app_general.o [1]
app_general_push_outdoor_hum
                        0x00009b1d    0x16  Code  Gb  app_general.o [1]
app_general_push_outdoor_temp
                        0x00009aff    0x16  Code  Gb  app_general.o [1]
app_general_push_pad_adjust_hum
                        0x0000a993    0x1a  Code  Gb  app_general.o [1]
app_general_push_pad_adjust_temp
                        0x0000a969    0x1a  Code  Gb  app_general.o [1]
app_general_push_pad_ai_cold_diff
                        0x0000a775    0x1a  Code  Gb  app_general.o [1]
app_general_push_pad_ai_heat_diff
                        0x0000a79f    0x1a  Code  Gb  app_general.o [1]
app_general_push_pad_bind_list_fan
                        0x0000a921    0x10  Code  Gb  app_general.o [1]
app_general_push_pad_bind_list_warm
                        0x0000a941    0x10  Code  Gb  app_general.o [1]
app_general_push_pad_child_lock
                        0x0000a4db    0x1e  Code  Gb  app_general.o [1]
app_general_push_pad_cold_colla_enable
                        0x0000a7c9    0x1a  Code  Gb  app_general.o [1]
app_general_push_pad_cold_comfortable_temp
                        0x0000a533    0x1a  Code  Gb  app_general.o [1]
app_general_push_pad_cold_warm_status
                        0x0000a457    0x18  Code  Gb  app_general.o [1]
app_general_push_pad_control_num
                        0x0000a8c9    0x1a  Code  Gb  app_general.o [1]
app_general_push_pad_deadzone_lewtemp
                        0x0000a605    0x1a  Code  Gb  app_general.o [1]
app_general_push_pad_deadzone_temp
                        0x0000a5db    0x1a  Code  Gb  app_general.o [1]
app_general_push_pad_dp_stamp
                        0x0000a227    0x1c  Code  Gb  app_general.o [1]
app_general_push_pad_fan_control
                        0x0000a6cd    0x1a  Code  Gb  app_general.o [1]
app_general_push_pad_fan_need
                        0x0000a82f     0xe  Code  Gb  app_general.o [1]
app_general_push_pad_fan_out_speed
                        0x0000a879    0x18  Code  Gb  app_general.o [1]
app_general_push_pad_fan_speed_output
                        0x0000a8a1    0x18  Code  Gb  app_general.o [1]
app_general_push_pad_freeze_protect
                        0x0000a47f    0x1a  Code  Gb  app_general.o [1]
app_general_push_pad_freeze_temp
                        0x0000a4a9    0x1a  Code  Gb  app_general.o [1]
app_general_push_pad_heat_comfortable_temp
                        0x0000a55d    0x1a  Code  Gb  app_general.o [1]
app_general_push_pad_id_use_message
                        0x0000a207    0x10  Code  Gb  app_general.o [1]
app_general_push_pad_lew_dorp_temp_output
                        0x0000aac7    0x1c  Code  Gb  app_general.o [1]
app_general_push_pad_lew_drop_temp
                        0x0000a42f    0x18  Code  Gb  app_general.o [1]
app_general_push_pad_measure_hum
                        0x0000a657    0x18  Code  Gb  app_general.o [1]
app_general_push_pad_measure_temp
                        0x0000a62f    0x18  Code  Gb  app_general.o [1]
app_general_push_pad_onoff_memory
                        0x0000a509    0x1a  Code  Gb  app_general.o [1]
app_general_push_pad_room_area
                        0x0000aa2b    0x18  Code  Gb  app_general.o [1]
app_general_push_pad_set_cold_temp
                        0x0000a399    0x38  Code  Gb  app_general.o [1]
app_general_push_pad_set_fan_speed
                        0x0000a69f    0x1e  Code  Gb  app_general.o [1]
app_general_push_pad_set_heat_temp
                        0x0000a3d7    0x38  Code  Gb  app_general.o [1]
app_general_push_pad_set_high_temp
                        0x0000a587    0x1a  Code  Gb  app_general.o [1]
app_general_push_pad_set_low_temp
                        0x0000a5b1    0x1a  Code  Gb  app_general.o [1]
app_general_push_pad_set_pwm_high
                        0x0000a74b    0x1a  Code  Gb  app_general.o [1]
app_general_push_pad_set_pwm_low
                        0x0000a6f7    0x1a  Code  Gb  app_general.o [1]
app_general_push_pad_set_pwm_mid
                        0x0000a721    0x1a  Code  Gb  app_general.o [1]
app_general_push_pad_two_output_mode
                        0x0000a8f3    0x1e  Code  Gb  app_general.o [1]
app_general_push_pad_type_warm_choose
                        0x0000aa05    0x18  Code  Gb  app_general.o [1]
app_general_push_pad_version
                        0x0000a2cd    0x10  Code  Gb  app_general.o [1]
app_general_push_pad_warm_colla_enable
                        0x0000a805    0x1a  Code  Gb  app_general.o [1]
app_general_push_pad_warm_need
                        0x0000a67f    0x10  Code  Gb  app_general.o [1]
app_general_push_power_status
                        0x0000987b    0x2e  Code  Gb  app_general.o [1]
app_general_push_remote_control
                        0x00009763    0x1e  Code  Gb  app_general.o [1]
app_general_push_remote_relay
                        0x000097cd    0x18  Code  Gb  app_general.o [1]
app_general_push_set_cold_water_temp
                        0x00009aab    0x14  Code  Gb  app_general.o [1]
app_general_push_set_heat_water_temp
                        0x00009abf    0x14  Code  Gb  app_general.o [1]
app_general_push_set_living_water_temp
                        0x00009ad3    0x16  Code  Gb  app_general.o [1]
app_general_push_set_mixwater_cold_temp
                        0x0000a063    0x16  Code  Gb  app_general.o [1]
app_general_push_set_mixwater_heat_temp
                        0x0000a079    0x16  Code  Gb  app_general.o [1]
app_general_push_system_dp_stamp
                        0x0000971b    0x12  Code  Gb  app_general.o [1]
app_general_push_system_reset_word
                        0x00009847    0x16  Code  Gb  app_general.o [1]
app_general_push_system_status_word
                        0x0000986f     0xc  Code  Gb  app_general.o [1]
app_general_push_unbind_list_fan
                        0x0000a119     0xc  Code  Gb  app_general.o [1]
app_general_push_unbind_list_warm
                        0x0000a12f     0xc  Code  Gb  app_general.o [1]
app_general_push_water_machine_fre
                        0x00009d35    0x18  Code  Gb  app_general.o [1]
app_general_push_water_machine_status
                        0x0000aca9    0x20  Code  Gb  app_general.o [1]
app_general_push_wind_value
                        0x0000a13b     0xa  Code  Gb  app_general.o [1]
app_general_task        0x0000c3ad    0x58  Code  Gb  app_general.o [1]
app_general_task::sys_cfged
                        0x20000de0     0x1  Data  Lc  app_general.o [1]
app_led_task            0x000128a1    0x14  Code  Gb  app_led.o [1]
app_lew_temp_logic      0x0000b1df    0x62  Code  Gb  app_general.o [1]
app_lew_temp_logic::output
                        0x20000d07     0x1  Data  Lc  app_general.o [1]
app_lew_temp_protect    0x0000b241    0xc8  Code  Gb  app_general.o [1]
app_link_log_out        0x00011b1b    0x16  Code  Gb  app_link_log.o [1]
app_link_log_pull_device_list
                        0x0001006b     0xc  Code  Gb  app_link_log.o [1]
app_link_log_push_receive_data
                        0x00011b09    0x12  Code  Gb  app_link_log.o [1]
app_link_log_task       0x00011b31    0x74  Code  Gb  app_link_log.o [1]
app_link_log_task::cfged
                        0x200025f7     0x1  Data  Lc  app_link_log.o [1]
app_link_request_get_transmit_result
                        0x00012feb     0xa  Code  Gb  app_link_request.o [1]
app_link_request_reset_silence_time
                        0x00012ff5    0x16  Code  Gb  app_link_request.o [1]
app_link_request_task   0x0001300b    0x8a  Code  Gb  app_link_request.o [1]
app_link_request_task::cfg
                        0x200028be     0x2  Data  Lc  app_link_request.o [1]
app_link_request_transmit_activation_request
                        0x00012f5d    0x8e  Code  Gb  app_link_request.o [1]
app_link_scheduler_task
                        0x000126ff    0x52  Code  Gb  app_link_scheduler.o [1]
app_link_syn_push_outside_updata_word
                        0x0000fe23    0x5e  Code  Gb  app_link_synchronize.o [1]
app_link_syn_push_pad_updata_word
                        0x0000fe81     0xe  Code  Gb  app_link_synchronize.o [1]
app_link_syn_push_receive_data
                        0x0000fdf9    0x2a  Code  Gb  app_link_synchronize.o [1]
app_link_syn_task       0x0000fdd7    0x22  Code  Gb  app_link_synchronize.o [1]
app_link_syn_task::cfg  0x20002663     0x1  Data  Lc  app_link_synchronize.o [1]
app_logic_realy_task    0x000126fb     0x4  Code  Gb  app_logic_relay.o [1]
app_low_temp_prtect     0x0000b0ff    0x5e  Code  Gb  app_general.o [1]
app_master_slave_pull_device_list_num
                        0x00010029    0x42  Code  Gb  app_link_log.o [1]
app_master_slave_send_regedit_data
                        0x00010077    0xd8  Code  Gb  app_link_log.o [1]
app_master_slave_send_syn_block
                        0x0000da4d   0x350  Code  Gb  app_link_synchronize.o [1]
app_master_slave_updata_local_device_list
                        0x00010267    0xac  Code  Gb  app_link_log.o [1]
app_master_slave_updata_second_device_list
                        0x00010213    0x54  Code  Gb  app_link_log.o [1]
app_modbus_onewire_task
                        0x00012751   0x150  Code  Gb  app_modbus_onewire.o [1]
app_modbus_onewire_task::cfged
                        0x200028c4     0x1  Data  Lc  app_modbus_onewire.o [1]
app_modbus_read_reg_data
                        0x00000189  0x6c96  Code  Gb  app_modbus_register.o [1]
app_modbus_remote_reCfg_parmeter
                        0x00011bad    0x24  Code  Gb  app_modbus_remote.o [1]
app_modbus_remote_task  0x00011bd1   0x26c  Code  Gb  app_modbus_remote.o [1]
app_modbus_remote_task::cfged
                        0x200028c5     0x1  Data  Lc  app_modbus_remote.o [1]
app_modebus_write_reg_data
                        0x00006e1f  0x28e6  Code  Gb  app_modbus_register.o [1]
app_pad_check_rebind_task::measure_delay
                        0x20000cf0     0x8  Data  Lc  app_link_synchronize.o [1]
app_pull_back_water_temp
                        0x0000c5cd     0x8  Code  Gb  app_tempertaure.o [1]
app_pull_data_point_message_pad
                        0x0000d3f5   0x268  Code  Gb  app_link_synchronize.o [1]
app_pull_data_point_message_sys
                        0x0000c9e5   0x486  Code  Gb  app_link_synchronize.o [1]
app_pull_energy_need    0x0000b15d    0x74  Code  Gb  app_general.o [1]
app_pull_first_back_water_temp
                        0x0000c5c5     0x8  Code  Gb  app_tempertaure.o [1]
app_pull_first_in_water_temp
                        0x0000c5bd     0x8  Code  Gb  app_tempertaure.o [1]
app_pull_local_id       0x0000fea5     0x4  Code  Gb  app_storage.o [1]
app_pull_low_protect_reguest
                        0x0000b0a9     0x8  Code  Gb  app_general.o [1]
app_pull_max_low_temp   0x0000b1d5     0x4  Code  Gb  app_general.o [1]
app_pull_mix_water_run_set_temp
                        0x0000b0b1    0x4e  Code  Gb  app_general.o [1]
app_pull_mix_water_temp
                        0x0000c5d5     0x8  Code  Gb  app_tempertaure.o [1]
app_pull_system_energy_need
                        0x0000b309     0x8  Code  Gb  app_general.o [1]
app_push_data_point_message_pad
                        0x0000d65d   0x3f0  Code  Gb  app_link_synchronize.o [1]
app_push_data_point_message_sys
                        0x0000ce6b   0x588  Code  Gb  app_link_synchronize.o [1]
app_push_once_save_sto_parameter
                        0x0001000d     0xa  Code  Gb  app_storage.o [1]
app_push_once_save_write_rtc
                        0x0000c56d    0x16  Code  Gb  app_real_time_clock.o [1]
app_pwm_control_task    0x000126e1    0x1a  Code  Gb  app_pwm_control.o [1]
app_read_run_parameter  0x0000ff21    0x66  Code  Gb  app_storage.o [1]
app_real_time_clock_task
                        0x0000c48b    0xde  Code  Gb  app_real_time_clock.o [1]
app_real_time_clock_task::sys_cfged
                        0x20000d81     0x1  Data  Lc  app_real_time_clock.o [1]
app_real_time_pull_rtc  0x0000c569     0x4  Code  Gb  app_real_time_clock.o [1]
app_sto_run_parameter_task
                        0x0000ff87    0x7e  Code  Gb  app_storage.o [1]
app_temperature_task    0x0000c5dd    0xee  Code  Gb  app_tempertaure.o [1]
app_temperature_task::measure_delay
                        0x20000dd8     0x8  Data  Lc  app_tempertaure.o [1]
app_temperature_task{1}{2}::secondCount
                        0x20000dcc     0x1  Data  Lc  app_tempertaure.o [1]
backWaterTemp           0x20000dd2     0x2  Data  Gb  app_tempertaure.o [1]
bgk_oper_solid          0x200014d4   0x5c0  Data  Lc  mde_bough_link_half.o [1]
block_storage_solid     0x20002880    0x10  Data  Lc  mde_storage32bits.o [1]
board_addr              0x20000e04     0x8  Data  Gb  app_link_log.o [1]
bough_link_state_jump   0x00012981   0x3c0  Code  Lc  mde_bough_link_half.o [1]
bps_uart0_into_receive  0x000150f5    0x14  Code  Gb  bsp_mRtuSlave.o [1]
bps_uart0_into_transmit
                        0x00015109    0x12  Code  Gb  bsp_mRtuSlave.o [1]
bps_uart2_into_receive  0x00015417    0x10  Code  Gb  bsp_mRtuSlave.o [1]
[...]
control_cal_ai_set_cold_temp
                        0x0000aecd   0x1dc  Code  Gb  app_general.o [1]
control_cal_ai_set_cold_temp::aiSetTemp
                        0x20000d64     0x2  Data  Lc  app_general.o [1]
control_cal_ai_set_cold_temp::hourCount
                        0x20000d5e     0x1  Data  Lc  app_general.o [1]
control_cal_ai_set_cold_temp::measure_delay
                        0x20000d70     0x8  Data  Lc  app_general.o [1]
control_cal_ai_set_cold_temp::oneSecondCount
                        0x20000d66     0x2  Data  Lc  app_general.o [1]
control_cal_ai_set_warm_temp
                        0x0000acc9   0x1b8  Code  Gb  app_general.o [1]
control_cal_ai_set_warm_temp::aiSetTemp
                        0x20000d60     0x2  Data  Lc  app_general.o [1]
control_cal_ai_set_warm_temp::hourCount
                        0x20000d5d     0x1  Data  Lc  app_general.o [1]
control_cal_ai_set_warm_temp::measure_delay
                        0x20000d68     0x8  Data  Lc  app_general.o [1]
control_cal_ai_set_warm_temp::oneSecondCount
                        0x20000d62     0x2  Data  Lc  app_general.o [1]
currentTime             0x20000d78     0x8  Data  Lc  app_real_time_clock.o [1]
currentTimeStamp        0x200028a0     0x4  Data  Lc  pbc_timeStamp.o [1]
deviceid_addr           0x20000ca8     0x8  Data  Gb  app_link_synchronize.o [1]
dpPadLen_pad            0x0000dda4    0x10  Data  Gb  app_link_synchronize.o [1]
dpPadLen_system         0x0000ddb4    0x20  Data  Gb  app_link_synchronize.o [1]
exit                    0x00016d53     0x4  Code  Gb  exit.o [3]
exti_init               0x000168ad    0x60  Code  Gb  gd32f4xx_exti.o [1]
exti_interrupt_flag_clear
                        0x00016921     0x2  Code  Gb  gd32f4xx_exti.o [1]
exti_interrupt_flag_get
                        0x0001690d    0x14  Code  Gb  gd32f4xx_exti.o [1]
firstBackWaterTemp      0x20000dd0     0x2  Data  Gb  app_tempertaure.o [1]
firstInWaterTemp        0x20000dce     0x2  Data  Gb  app_tempertaure.o [1]
freshair_effciency      0x200028bc     0x2  Data  Gb  app_general.o [1]
fwdgt_config            0x00015ed1    0x4c  Code  Gb  gd32f4xx_fwdgt.o [1]
fwdgt_counter_reload    0x00015ec7     0xa  Code  Gb  gd32f4xx_fwdgt.o [1]
fwdgt_enable            0x00015ebd     0xa  Code  Gb  gd32f4xx_fwdgt.o [1]
gpio_af_set             0x00015cf9    0x66  Code  Gb  gd32f4xx_gpio.o [1]
gpio_bit_reset          0x00015ce1     0x6  Code  Gb  gd32f4xx_gpio.o [1]
gpio_bit_set            0x00015cdb     0x6  Code  Gb  gd32f4xx_gpio.o [1]
gpio_input_bit_get      0x00015ce7     0x4  Code  Gb  gd32f4xx_gpio.o [1]
gpio_mode_set           0x00015c4d    0x52  Code  Gb  gd32f4xx_gpio.o [1]
gpio_output_options_set
                        0x00015c9f    0x3c  Code  Gb  gd32f4xx_gpio.o [1]
hal_mixWater            0x20000db4     0x4  Data  Gb  mde_mixWater.o [1]
led_run_handle          0x0001403b    0x70  Code  Lc  mde_led.o [1]
led_set                 0x00013ff9    0x42  Code  Lc  mde_led.o [1]
lewDropTemp_control     0x0000ae81    0x4c  Code  Gb  app_general.o [1]
linkRequest             0x2000285c    0x20  Data  Gb  app_link_request.o [1]
lowTempProtectFlag      0x20000d04     0x1  Data  Gb  app_general.o [1]
mRtu_answer_event       0x00013a09    0x56  Code  Gb  mde_mRtuSlave.o [1]
main                    0x00016d19    0x20  Code  Gb  main.o [1]
make_flash_memory_checksum
                        0x00013345    0x2a  Code  Lc  mde_storage32bits.o [1]
max_lew_temp            0x20000d10     0x2  Data  Gb  app_general.o [1]
mde_EcMotorControlTask  0x00013f51    0x48  Code  Gb  mde_pwm.o [1]
mde_EcMotorControlTask::cfged
                        0x20000d94     0x1  Data  Lc  mde_pwm.o [1]
mde_EcMotorControlTask{1}{2}::measure_delay
                        0x20000da8     0x8  Data  Lc  mde_pwm.o [1]
mde_IWDG_Configure      0x000126d9     0x4  Code  Gb  mde_watchDog.o [1]
mde_IWDG_FeedDog        0x000126dd     0x4  Code  Gb  mde_watchDog.o [1]
mde_NTCSensor_GetTemperature
                        0x00012053    0xa0  Code  Gb  mde_ntcSensor.o [1]
mde_NTCSensor_ScanTask  0x000120f3    0x62  Code  Gb  mde_ntcSensor.o [1]
mde_NTCSensor_ScanTask::SensorChannel
                        0x200028c2     0x1  Data  Lc  mde_ntcSensor.o [1]
mde_NTCSensor_ScanTask::cfged
                        0x200028c3     0x1  Data  Lc  mde_ntcSensor.o [1]
mde_SetInFanPwm         0x00013f99    0x10  Code  Gb  mde_pwm.o [1]
mde_bough_link_task     0x00012d41    0x9c  Code  Gb  mde_bough_link_half.o [1]
mde_bough_link_task::cfged
                        0x200028c8     0x1  Data  Lc  mde_bough_link_half.o [1]
mde_drop_temp_search_mmHg
                        0x00011e49    0x6a  Code  Gb  mde_ntcSensor.o [1]
mde_led                 0x20000d3c    0x14  Data  Lc  mde_led.o [1]
mde_led_blink           0x000140ab     0xc  Code  Gb  mde_led.o [1]
mde_led_task            0x000140b7    0x42  Code  Gb  mde_led.o [1]
mde_led_task::cfged     0x20000d50     0x1  Data  Lc  mde_led.o [1]
mde_led_task::measure_delay
                        0x20000d54     0x8  Data  Lc  mde_led.o [1]
mde_mRtu_task           0x0001382b    0xa6  Code  Gb  mde_mRtuSlave.o [1]
mde_mRtu_task::cfged    0x200028c9     0x1  Data  Lc  mde_mRtuSlave.o [1]
mde_ntc_sensor_solid_cfg
                        0x0001201b    0x38  Code  Gb  mde_ntcSensor.o [1]
mde_pull_drop_temp      0x00011eb3    0x46  Code  Gb  mde_ntcSensor.o [1]
mde_pwm                 0x20000d98    0x10  Data  Lc  mde_pwm.o [1]
mde_read_storage_block  0x000134a9    0x8c  Code  Gb  mde_storage32bits.o [1]
mde_relay_off           0x000124c7    0x1e  Code  Gb  mde_relay.o [1]
mde_relay_on            0x000124ad    0x1a  Code  Gb  mde_relay.o [1]
mde_relay_solid_cfg     0x000123f1    0xbc  Code  Gb  mde_relay.o [1]
mde_relay_task          0x000124e5    0x82  Code  Gb  mde_relay.o [1]
mde_relay_task::cfged   0x20000df8     0x1  Data  Lc  mde_relay.o [1]
mde_relay_task::i       0x20000df9     0x1  Data  Lc  mde_relay.o [1]
mde_relay_task::measure_delay
                        0x20000dfc     0x8  Data  Lc  mde_relay.o [1]
mde_sd3078_configure    0x000128b5    0x10  Code  Gb  mde_sd3078.o [1]
mde_sd3078_read         0x000128fd    0x38  Code  Gb  mde_sd3078.o [1]
mde_sd3078_write        0x000128c5    0x38  Code  Gb  mde_sd3078.o [1]
mde_sensor              0x20002664    0x60  Data  Lc  mde_ntcSensor.o [1]
mde_storage_block_set_length_w
                        0x00013557    0x30  Code  Gb  mde_storage32bits.o [1]
mde_write_storage_block
                        0x00013535    0x22  Code  Gb  mde_storage32bits.o [1]
mixWaterTemp            0x20000dd4     0x2  Data  Gb  app_tempertaure.o [1]
mod_mixWater_adjust     0x000125e9    0xe2  Code  Gb  mde_mixWater.o [1]
mod_mixWater_adjust::count
                        0x20000db0     0x1  Data  Lc  mde_mixWater.o [1]
mod_mixWater_adjust::lastSetTemp
                        0x20000dc8     0x2  Data  Lc  mde_mixWater.o [1]
mod_mixWater_adjust::needAdjustFlag
                        0x20000db1     0x1  Data  Lc  mde_mixWater.o [1]
mod_mixWater_adjust::noNeedAdjustFlag
                        0x20000db2     0x1  Data  Lc  mde_mixWater.o [1]
mod_mixWater_set_puty   0x000126cb     0x2  Code  Gb  mde_mixWater.o [1]
modbus_oper_solid       0x20000e14   0x6c0  Data  Lc  mde_mRtuSlave.o [1]
modbus_operation_task   0x000136e9   0x142  Code  Lc  mde_mRtuSlave.o [1]
modbus_receive_protocol
                        0x0001359d   0x14c  Code  Lc  mde_mRtuSlave.o [1]
nvic_irq_enable         0x00016931    0x8c  Code  Gb  gd32f4xx_misc.o [1]
output_aircod_backup    0x20000d05     0x1  Data  Gb  app_general.o [1]
output_terminal_backup  0x20000cf8     0xc  Data  Gb  app_general.o [1]
padOccupyWord           0x20000cb0    0x40  Data  Gb  app_link_synchronize.o [1]
pbc_arrayToInt16u_bigEndian
                        0x0000c589     0x6  Code  Gb  pbc_dataConvert.o [1]
pbc_arrayToInt32u_bigEndian
                        0x0000c58f    0x10  Code  Gb  pbc_dataConvert.o [1]
pbc_createTask_one      0x0000c955    0x7c  Code  Gb  pbc_sysTick.o [1]
pbc_createTask_one::cleared
                        0x200028cb     0x1  Data  Lc  pbc_sysTick.o [1]
pbc_int16uToArray_bigEndian
                        0x0000c5a5     0x8  Code  Gb  pbc_dataConvert.o [1]
pbc_int32uToArray_bigEndian
                        0x0000c5ad    0x10  Code  Gb  pbc_dataConvert.o [1]
pbc_pull_timerIsCompleted
                        0x0000c903    0x12  Code  Gb  pbc_sysTick.o [1]
pbc_pull_timerIsOnceTriggered
                        0x0000c915    0x20  Code  Gb  pbc_sysTick.o [1]
pbc_reload_timerClock   0x0000c93f    0x16  Code  Gb  pbc_sysTick.o [1]
pbc_stop_timerIsOnceTriggered
                        0x0000c935     0xa  Code  Gb  pbc_sysTick.o [1]
pbc_sysTickTaskProcess  0x0000c849    0x3a  Code  Gb  pbc_sysTick.o [1]
pbc_sysTickTaskProcess::cfged
                        0x200028ca     0x1  Data  Lc  pbc_sysTick.o [1]
pbc_sysTick_run         0x0000c7b1    0x98  Code  Lc  pbc_sysTick.o [1]
pbc_sysTick_run::oneMinuteCnt
                        0x20002890     0x1  Data  Lc  pbc_sysTick.o [1]
pbc_sysTick_run::oneSecondCnt
                        0x20002898     0x2  Data  Lc  pbc_sysTick.o [1]
pbc_sysTick_run::tickBackup
                        0x2000289a     0x2  Data  Lc  pbc_sysTick.o [1]
pbc_timeStamp_100ms_run_task
                        0x000123d7     0xa  Code  Gb  pbc_timeStamp.o [1]
pbc_timeStamp_get_absolutely_time
                        0x000122fd    0xda  Code  Gb  pbc_timeStamp.o [1]
pbc_timeStamp_get_stamp
                        0x000123e1     0x6  Code  Gb  pbc_timeStamp.o [1]
pbc_timeStamp_task::lastTick
                        0x2000289c     0x2  Data  Lc  pbc_timeStamp.o [1]
pbc_timeStamp_task::stoTick
                        0x2000289e     0x2  Data  Lc  pbc_timeStamp.o [1]
pbc_timerClockRun_task  0x0000c883    0x72  Code  Gb  pbc_sysTick.o [1]
pbc_timerMillRun_task   0x0000c8f5     0xe  Code  Gb  pbc_sysTick.o [1]
phyBusBusyFlag1         0x200028c7     0x1  Data  Lc  bsp_bough_link.o [1]
phyBusBusyFlag3         0x200028c6     0x1  Data  Lc  bsp_bough_link.o [1]
pidValue                0x20000db8    0x10  Data  Gb  mde_mixWater.o [1]
pull_bough_link_is_busy
                        0x00012ddd    0x2e  Code  Gb  mde_bough_link_half.o [1]
pull_bough_message_pBuff
                        0x00012e37    0x14  Code  Gb  mde_bough_link_half.o [1]
pull_bough_recevie_one_message
                        0x00012e0b    0x2c  Code  Gb  mde_bough_link_half.o [1]
pull_bough_transmit_monitor
                        0x00012ead    0x16  Code  Gb  mde_bough_link_half.o [1]
pull_first_device_id    0x0001018f    0x42  Code  Gb  app_link_log.o [1]
pull_local_id           0x0001014f    0x40  Code  Gb  app_link_log.o [1]
pull_mRtu_register      0x000138f7    0x44  Code  Gb  mde_mRtuSlave.o [1]
pull_mRtu_register_wb   0x0001393b    0x20  Code  Gb  mde_mRtuSlave.o [1]
pull_mRtu_writeReg      0x000139b3    0x56  Code  Gb  mde_mRtuSlave.o [1]
pull_second_device_id   0x000101d1    0x42  Code  Gb  app_link_log.o [1]
push_active_one_message_transmit
                        0x00012e6b    0x42  Code  Gb  mde_bough_link_half.o [1]
push_bough_one_receive_byte
                        0x00012e4b    0x20  Code  Gb  mde_bough_link_half.o [1]
push_mRtu_readReg       0x0001395b    0x58  Code  Gb  mde_mRtuSlave.o [1]
rand                    0x0000c6d1    0xe0  Code  Gb  rand.o [3]
rcu_all_reset_flag_clear
                        0x00015799     0xe  Code  Gb  gd32f4xx_rcu.o [1]
rcu_clock_freq_get      0x000158e5    0xbc  Code  Gb  gd32f4xx_rcu.o [1]
rcu_flag_get            0x00015797     0x2  Code  Gb  gd32f4xx_rcu.o [1]
rcu_osci_on             0x000158e1     0x2  Code  Gb  gd32f4xx_rcu.o [1]
rcu_osci_stab_wait      0x000157c7   0x11a  Code  Gb  gd32f4xx_rcu.o [1]
rcu_periph_clock_enable
                        0x0001573d     0x2  Code  Gb  gd32f4xx_rcu.o [1]
rcu_periph_reset_disable
                        0x0001577b     0x2  Code  Gb  gd32f4xx_rcu.o [1]
rcu_periph_reset_enable
                        0x00015779     0x2  Code  Gb  gd32f4xx_rcu.o [1]
rcu_timer_clock_prescaler_config
                        0x0001577d    0x1a  Code  Gb  gd32f4xx_rcu.o [1]
relay                   0x200024a0    0xf0  Data  Lc  mde_relay.o [1]
remote_control_delay    0x20000804     0x8  Data  Lc  app_general.o [1]
remote_control_task     0x0000978b    0x42  Code  Gb  app_general.o [1]
s_sysPara               0x20000000   0x804  Data  Gb  app_general.o [1]
set_mRtu_parameter      0x000138d1    0x26  Code  Gb  mde_mRtuSlave.o [1]
spi_enable              0x00014e49     0xa  Code  Gb  gd32f4xx_spi.o [1]
spi_i2s_data_receive    0x00014e59     0x4  Code  Gb  gd32f4xx_spi.o [1]
spi_i2s_data_transmit   0x00014e53     0x6  Code  Gb  gd32f4xx_spi.o [1]
spi_i2s_flag_get        0x00014e63    0x10  Code  Gb  gd32f4xx_spi.o [1]
spi_init                0x00014e19    0x30  Code  Gb  gd32f4xx_spi.o [1]
sysTickMillsecond       0x20002892     0x2  Data  Lc  pbc_sysTick.o [1]
sysTickMinute           0x20002896     0x2  Data  Lc  pbc_sysTick.o [1]
sysTickSecond           0x20002894     0x2  Data  Lc  pbc_sysTick.o [1]
syscfg_exti_line_config
                        0x000169d9    0x5c  Code  Gb  gd32f4xx_syscfg.o [1]
system_need             0x20000d06     0x1  Data  Gb  app_general.o [1]
taskTable               0x200026c4    0x60  Data  Gb  pbc_sysTick.o [1]
temp_mmHg               0x00012284    0x78  Data  Gb  mde_ntcSensor.o [1]
tick_millsecond         0x200028c0     0x2  Data  Lc  bsp_sysTick.o [1]
time_stamp_task::timer_stamp
                        0x20000de4     0x8  Data  Lc  app_general.o [1]
timer_auto_reload_shadow_enable
                        0x00016543     0xa  Code  Gb  gd32f4xx_timer.o [1]
timer_channel_output_config
                        0x000165b1   0x212  Code  Gb  gd32f4xx_timer.o [1]
timer_channel_output_mode_config
                        0x000167c5    0x44  Code  Gb  gd32f4xx_timer.o [1]
timer_channel_output_pulse_value_config
                        0x00016809    0x1e  Code  Gb  gd32f4xx_timer.o [1]
timer_channel_output_shadow_config
                        0x00016829    0x44  Code  Gb  gd32f4xx_timer.o [1]
timer_counter_up_direction
                        0x00016557     0xa  Code  Gb  gd32f4xx_timer.o [1]
timer_deinit            0x000163b5    0xec  Code  Gb  gd32f4xx_timer.o [1]
timer_enable            0x00016539     0xa  Code  Gb  gd32f4xx_timer.o [1]
timer_flag_clear        0x00016585     0x2  Code  Gb  gd32f4xx_timer.o [1]
timer_init              0x000164a1    0x98  Code  Gb  gd32f4xx_timer.o [1]
timer_interrupt_disable
                        0x00016569     0x2  Code  Gb  gd32f4xx_timer.o [1]
timer_interrupt_enable  0x00016561     0x8  Code  Gb  gd32f4xx_timer.o [1]
timer_interrupt_flag_clear
                        0x00016583     0x2  Code  Gb  gd32f4xx_timer.o [1]
timer_interrupt_flag_get
                        0x0001656b    0x18  Code  Gb  gd32f4xx_timer.o [1]
timer_notSave           0x20000df0     0x8  Data  Lc  app_storage.o [1]
timer_notWrite          0x20000d84     0x8  Data  Lc  app_real_time_clock.o [1]
timer_primary_output_config
                        0x0001659b    0x14  Code  Gb  gd32f4xx_timer.o [1]
timer_update_event_enable
                        0x0001654d     0xa  Code  Gb  gd32f4xx_timer.o [1]
uart0_queue_rxd_buff    0x2000276c    0x40  Data  Lc  bsp_mRtuSlave.o [1]
uart0_queue_rxd_bytes   0x200028aa     0x1  Data  Lc  bsp_mRtuSlave.o [1]
uart0_queue_rxd_in_idx  0x200028ab     0x1  Data  Lc  bsp_mRtuSlave.o [1]
uart0_queue_rxd_out_idx
                        0x200028ac     0x1  Data  Lc  bsp_mRtuSlave.o [1]
uart0_queue_txd_buff    0x200021a0   0x100  Data  Lc  bsp_mRtuSlave.o [1]
uart0_queue_txd_bytes   0x200028ad     0x1  Data  Lc  bsp_mRtuSlave.o [1]
uart0_queue_txd_in_idx  0x200028ae     0x1  Data  Lc  bsp_mRtuSlave.o [1]
uart0_queue_txd_out_idx
                        0x200028af     0x1  Data  Lc  bsp_mRtuSlave.o [1]
uart1_queue_rxd_buff    0x20001fa0   0x100  Data  Lc  bsp_bough_link.o [1]
uart1_queue_rxd_bytes   0x200028a4     0x1  Data  Lc  bsp_bough_link.o [1]
uart1_queue_rxd_in_idx  0x200028a5     0x1  Data  Lc  bsp_bough_link.o [1]
uart1_queue_rxd_out_idx
                        0x200028a6     0x1  Data  Lc  bsp_bough_link.o [1]
uart1_queue_txd_buff    0x200020a0   0x100  Data  Lc  bsp_bough_link.o [1]
uart1_queue_txd_bytes   0x200028a7     0x1  Data  Lc  bsp_bough_link.o [1]
uart1_queue_txd_in_idx  0x200028a8     0x1  Data  Lc  bsp_bough_link.o [1]
uart1_queue_txd_out_idx
                        0x200028a9     0x1  Data  Lc  bsp_bough_link.o [1]
uart2_queue_rxd_buff    0x200027ac    0x40  Data  Lc  bsp_mRtuSlave.o [1]
uart2_queue_rxd_bytes   0x200028b0     0x1  Data  Lc  bsp_mRtuSlave.o [1]
uart2_queue_rxd_in_idx  0x200028b1     0x1  Data  Lc  bsp_mRtuSlave.o [1]
uart2_queue_rxd_out_idx
                        0x200028b2     0x1  Data  Lc  bsp_mRtuSlave.o [1]
uart2_queue_txd_buff    0x200022a0   0x100  Data  Lc  bsp_mRtuSlave.o [1]
uart2_queue_txd_bytes   0x200028b3     0x1  Data  Lc  bsp_mRtuSlave.o [1]
uart2_queue_txd_in_idx  0x200028b4     0x1  Data  Lc  bsp_mRtuSlave.o [1]
uart2_queue_txd_out_idx
                        0x200028b5     0x1  Data  Lc  bsp_mRtuSlave.o [1]
uart3_queue_rxd_buff    0x20001da0   0x100  Data  Lc  bsp_bough_link.o [1]
uart3_queue_rxd_bytes   0x2000265d     0x1  Data  Lc  bsp_bough_link.o [1]
uart3_queue_rxd_in_idx  0x2000265e     0x1  Data  Lc  bsp_bough_link.o [1]
uart3_queue_rxd_out_idx
                        0x2000265f     0x1  Data  Lc  bsp_bough_link.o [1]
uart3_queue_txd_buff    0x20001ea0   0x100  Data  Lc  bsp_bough_link.o [1]
uart3_queue_txd_bytes   0x20002660     0x1  Data  Lc  bsp_bough_link.o [1]
uart3_queue_txd_in_idx  0x20002661     0x1  Data  Lc  bsp_bough_link.o [1]
uart3_queue_txd_out_idx
                        0x20002662     0x1  Data  Lc  bsp_bough_link.o [1]
uart5_queue_rxd_buff    0x200027ec    0x40  Data  Lc  bsp_mRtuSlave.o [1]
uart5_queue_rxd_bytes   0x200028b6     0x1  Data  Lc  bsp_mRtuSlave.o [1]
uart5_queue_rxd_in_idx  0x200028b7     0x1  Data  Lc  bsp_mRtuSlave.o [1]
uart5_queue_rxd_out_idx
                        0x200028b8     0x1  Data  Lc  bsp_mRtuSlave.o [1]
uart5_queue_txd_buff    0x200023a0   0x100  Data  Lc  bsp_mRtuSlave.o [1]
uart5_queue_txd_bytes   0x200028b9     0x1  Data  Lc  bsp_mRtuSlave.o [1]
uart5_queue_txd_in_idx  0x200028ba     0x1  Data  Lc  bsp_mRtuSlave.o [1]
uart5_queue_txd_out_idx
                        0x200028bb     0x1  Data  Lc  bsp_mRtuSlave.o [1]
usart_baudrate_set      0x00016237    0x74  Code  Gb  gd32f4xx_usart.o [1]
usart_data_receive      0x0001631b     0xa  Code  Gb  gd32f4xx_usart.o [1]
usart_data_transmit     0x00016311     0xa  Code  Gb  gd32f4xx_usart.o [1]
usart_deinit            0x000161c5    0x72  Code  Gb  gd32f4xx_usart.o [1]
usart_enable            0x000162f1     0xc  Code  Gb  gd32f4xx_usart.o [1]
usart_flag_get          0x0001632d    0x1c  Code  Gb  gd32f4xx_usart.o [1]
usart_interrupt_disable
                        0x00016367     0x2  Code  Gb  gd32f4xx_usart.o [1]
usart_interrupt_enable  0x00016349    0x1e  Code  Gb  gd32f4xx_usart.o [1]
usart_interrupt_flag_get
                        0x00016387    0x2e  Code  Gb  gd32f4xx_usart.o [1]
usart_parity_config     0x000162cd     0xc  Code  Gb  gd32f4xx_usart.o [1]
usart_receive_config    0x00016307     0xa  Code  Gb  gd32f4xx_usart.o [1]
usart_stop_bit_set      0x000162e5     0xc  Code  Gb  gd32f4xx_usart.o [1]
usart_transmit_config   0x000162fd     0xa  Code  Gb  gd32f4xx_usart.o [1]
usart_word_length_set   0x000162d9     0xc  Code  Gb  gd32f4xx_usart.o [1]
writeRTCFlag            0x20000d80     0x1  Data  Gb  app_real_time_clock.o [1]
write_block_to_flash    0x000133af    0xfa  Code  Lc  mde_storage32bits.o [1]


[1] = F:\gitFiles\branch\cch.a-control\soft\cch.a\prj_ac\Release\Obj
[2] = command line
[3] = dl7M_tln.a
[4] = rt7M_tl.a

  93 844 bytes of readonly  code memory
     295 bytes of readonly  data memory
  11 468 bytes of readwrite data memory

Errors: none
Warnings: none
